Archive member included to satisfy reference by file (symbol)

lib/orangescrt.a(printf.o)    kernel/main.o (printf)
lib/orangescrt.a(vsprintf.o)  kernel/main.o (vsprintf)
lib/orangescrt.a(string.o)    kernel/start.o (memcpy)
lib/orangescrt.a(misc.o)      kernel/main.o (send_recv)
lib/orangescrt.a(open.o)      kernel/main.o (open)
lib/orangescrt.a(read.o)      kernel/main.o (read)
lib/orangescrt.a(write.o)     kernel/main.o (write)
lib/orangescrt.a(close.o)     kernel/main.o (close)
lib/orangescrt.a(getpid.o)    kernel/main.o (getpid)
lib/orangescrt.a(stat.o)      mm/exec.o (stat)
lib/orangescrt.a(fork.o)      kernel/main.o (fork)
lib/orangescrt.a(wait.o)      kernel/main.o (wait)
lib/orangescrt.a(exec.o)      kernel/main.o (execv)
lib/orangescrt.a(syscall.o)   lib/orangescrt.a(misc.o) (sendrec)

Allocating common symbols
Common symbol       size              file

idt_ptr             0x6               kernel/global.o
inode_table         0xb00             kernel/global.o
task_stack          0x24000           kernel/global.o
k_reenter           0x4               kernel/global.o
gdt                 0x400             kernel/global.o
current_console     0x4               kernel/global.o
pcaller             0x8               kernel/global.o
tty_table           0xca8             kernel/global.o
tss                 0x68              kernel/global.o
fs_msg              0x38              kernel/global.o
memory_size         0x4               kernel/global.o
f_desc_table        0x600             kernel/global.o
root_inode          0x8               kernel/global.o
disp_pos            0x4               kernel/global.o
mm_msg              0x38              kernel/global.o
key_pressed         0x4               kernel/global.o
gdt_ptr             0x6               kernel/global.o
idt                 0x800             kernel/global.o
super_block         0x1e0             kernel/global.o
PARTITION_ENTRY     0x10              kernel/hd.o
ticks               0x4               kernel/global.o
console_table       0x3c              kernel/global.o
irq_table           0x80              kernel/global.o
p_proc_ready        0x8               kernel/global.o
proc_table          0x6248            kernel/global.o

Discarded input sections

 .note.GNU-stack
                0x0000000000000000        0x0 kernel/start.o
 .note.GNU-stack
                0x0000000000000000        0x0 kernel/main.o
 .note.GNU-stack
                0x0000000000000000        0x0 kernel/clock.o
 .note.GNU-stack
                0x0000000000000000        0x0 kernel/keyboard.o
 .note.GNU-stack
                0x0000000000000000        0x0 kernel/tty.o
 .note.GNU-stack
                0x0000000000000000        0x0 kernel/console.o
 .note.GNU-stack
                0x0000000000000000        0x0 kernel/i8259.o
 .note.GNU-stack
                0x0000000000000000        0x0 kernel/global.o
 .note.GNU-stack
                0x0000000000000000        0x0 kernel/protect.o
 .note.GNU-stack
                0x0000000000000000        0x0 kernel/proc.o
 .note.GNU-stack
                0x0000000000000000        0x0 kernel/systask.o
 .note.GNU-stack
                0x0000000000000000        0x0 kernel/hd.o
 .note.GNU-stack
                0x0000000000000000        0x0 kernel/klib.o
 .note.GNU-stack
                0x0000000000000000        0x0 lib/syslog.o
 .note.GNU-stack
                0x0000000000000000        0x0 mm/main.o
 .note.GNU-stack
                0x0000000000000000        0x0 mm/forkexit.o
 .note.GNU-stack
                0x0000000000000000        0x0 mm/exec.o
 .note.GNU-stack
                0x0000000000000000        0x0 fs/main.o
 .note.GNU-stack
                0x0000000000000000        0x0 fs/open.o
 .note.GNU-stack
                0x0000000000000000        0x0 fs/misc.o
 .note.GNU-stack
                0x0000000000000000        0x0 fs/read_write.o
 .note.GNU-stack
                0x0000000000000000        0x0 fs/link.o
 .note.GNU-stack
                0x0000000000000000        0x0 fs/disklog.o
 .note.GNU-stack
                0x0000000000000000        0x0 lib/orangescrt.a(printf.o)
 .note.GNU-stack
                0x0000000000000000        0x0 lib/orangescrt.a(vsprintf.o)
 .note.GNU-stack
                0x0000000000000000        0x0 lib/orangescrt.a(misc.o)
 .note.GNU-stack
                0x0000000000000000        0x0 lib/orangescrt.a(open.o)
 .note.GNU-stack
                0x0000000000000000        0x0 lib/orangescrt.a(read.o)
 .note.GNU-stack
                0x0000000000000000        0x0 lib/orangescrt.a(write.o)
 .note.GNU-stack
                0x0000000000000000        0x0 lib/orangescrt.a(close.o)
 .note.GNU-stack
                0x0000000000000000        0x0 lib/orangescrt.a(getpid.o)
 .note.GNU-stack
                0x0000000000000000        0x0 lib/orangescrt.a(stat.o)
 .note.GNU-stack
                0x0000000000000000        0x0 lib/orangescrt.a(fork.o)
 .note.GNU-stack
                0x0000000000000000        0x0 lib/orangescrt.a(wait.o)
 .note.GNU-stack
                0x0000000000000000        0x0 lib/orangescrt.a(exec.o)

Memory Configuration

Name             Origin             Length             Attributes
*default*        0x0000000000000000 0xffffffffffffffff

Linker script and memory map

Address of section .text set to 0x1000
LOAD kernel/kernel.o
LOAD kernel/start.o
LOAD kernel/main.o
LOAD kernel/clock.o
LOAD kernel/keyboard.o
LOAD kernel/tty.o
LOAD kernel/console.o
LOAD kernel/i8259.o
LOAD kernel/global.o
LOAD kernel/protect.o
LOAD kernel/proc.o
LOAD kernel/systask.o
LOAD kernel/hd.o
LOAD kernel/kliba.o
LOAD kernel/klib.o
LOAD lib/syslog.o
LOAD mm/main.o
LOAD mm/forkexit.o
LOAD mm/exec.o
LOAD fs/main.o
LOAD fs/open.o
LOAD fs/misc.o
LOAD fs/read_write.o
LOAD fs/link.o
LOAD fs/disklog.o
LOAD lib/orangescrt.a
                0x0000000000400000                PROVIDE (__executable_start, 0x400000)
                0x00000000004000e8                . = (0x400000 + SIZEOF_HEADERS)

.interp
 *(.interp)

.note.gnu.build-id
 *(.note.gnu.build-id)

.hash
 *(.hash)

.gnu.hash
 *(.gnu.hash)

.dynsym
 *(.dynsym)

.dynstr
 *(.dynstr)

.gnu.version
 *(.gnu.version)

.gnu.version_d
 *(.gnu.version_d)

.gnu.version_r
 *(.gnu.version_r)

.rela.dyn       0x00000000004000e8        0x0
 *(.rela.init)
 *(.rela.text .rela.text.* .rela.gnu.linkonce.t.*)
 .rela.text     0x0000000000000000        0x0 kernel/start.o
 *(.rela.fini)
 *(.rela.rodata .rela.rodata.* .rela.gnu.linkonce.r.*)
 *(.rela.data .rela.data.* .rela.gnu.linkonce.d.*)
 .rela.data     0x0000000000000000        0x0 kernel/start.o
 *(.rela.tdata .rela.tdata.* .rela.gnu.linkonce.td.*)
 *(.rela.tbss .rela.tbss.* .rela.gnu.linkonce.tb.*)
 *(.rela.ctors)
 *(.rela.dtors)
 *(.rela.got)
 *(.rela.bss .rela.bss.* .rela.gnu.linkonce.b.*)
 *(.rela.ldata .rela.ldata.* .rela.gnu.linkonce.l.*)
 *(.rela.lbss .rela.lbss.* .rela.gnu.linkonce.lb.*)
 *(.rela.lrodata .rela.lrodata.* .rela.gnu.linkonce.lr.*)
 *(.rela.ifunc)

.rela.plt       0x00000000004000e8        0x0
 *(.rela.plt)
                0x00000000004000e8                PROVIDE (__rela_iplt_start, .)
 *(.rela.iplt)
 .rela.iplt     0x0000000000000000        0x0 kernel/start.o
                0x00000000004000e8                PROVIDE (__rela_iplt_end, .)

.init
 *(SORT(.init))

.plt            0x00000000004000f0        0x0
 *(.plt)
 *(.iplt)
 .iplt          0x0000000000000000        0x0 kernel/start.o

.text           0x0000000000001000     0xd758
 *(.text.unlikely .text.*_unlikely .text.unlikely.*)
 *(.text.exit .text.exit.*)
 *(.text.startup .text.startup.*)
 *(.text.hot .text.hot.*)
 *(.text .stub .text.* .gnu.linkonce.t.*)
 .text          0x0000000000001000      0x410 kernel/kernel.o
                0x0000000000001000                _start
                0x0000000000001040                hwint00
                0x0000000000001070                hwint01
                0x00000000000010a0                hwint02
                0x00000000000010d0                hwint03
                0x0000000000001100                hwint04
                0x0000000000001130                hwint05
                0x0000000000001160                hwint06
                0x0000000000001190                hwint07
                0x00000000000011c0                hwint08
                0x00000000000011f0                hwint09
                0x0000000000001220                hwint10
                0x0000000000001250                hwint11
                0x0000000000001280                hwint12
                0x00000000000012b0                hwint13
                0x00000000000012e0                hwint14
                0x0000000000001310                hwint15
                0x0000000000001334                divide_error
                0x000000000000133a                single_step_exception
                0x0000000000001340                nmi
                0x0000000000001346                breakpoint_exception
                0x000000000000134c                overflow
                0x0000000000001352                bounds_check
                0x0000000000001358                inval_opcode
                0x000000000000135e                copr_not_available
                0x0000000000001364                double_fault
                0x0000000000001368                copr_seg_overrun
                0x000000000000136e                inval_tss
                0x0000000000001372                segment_not_present
                0x0000000000001376                stack_exception
                0x000000000000137a                general_protection
                0x000000000000137e                page_fault
                0x0000000000001382                copr_error
                0x00000000000013cb                sys_call
                0x00000000000013eb                restart
 .text          0x0000000000001410       0x98 kernel/start.o
                0x0000000000001410                cstart
 .text          0x00000000000014a8      0x9b0 kernel/main.o
                0x00000000000014a8                kernel_main
                0x0000000000001808                get_ticks
                0x000000000000183e                untar
                0x0000000000001a0e                shabby_shell
                0x0000000000001c39                Init
                0x0000000000001d93                TestA
                0x0000000000001d99                TestB
                0x0000000000001d9f                TestC
                0x0000000000001da5                panic
 .text          0x0000000000001e58      0x11f kernel/clock.o
                0x0000000000001e58                clock_handler
                0x0000000000001ee3                milli_delay
                0x0000000000001f2b                init_clock
 .text          0x0000000000001f77      0x77c kernel/keyboard.o
                0x0000000000001f77                keyboard_handler
                0x0000000000001fee                init_keyboard
                0x00000000000020a4                keyboard_read
 .text          0x00000000000026f3      0xb44 kernel/tty.o
                0x00000000000026f3                task_tty
                0x00000000000028fb                in_process
                0x0000000000002ec1                sys_printx
                0x00000000000030b3                dump_tty_buf
 .text          0x0000000000003237      0x87b kernel/console.o
                0x0000000000003237                init_screen
                0x00000000000033d8                out_char
                0x00000000000036f0                is_current_console
                0x00000000000037ed                select_console
                0x0000000000003836                scroll_screen
 .text          0x0000000000003ab2      0x11b kernel/i8259.o
                0x0000000000003ab2                init_8259A
                0x0000000000003b76                spurious_irq
                0x0000000000003ba1                put_irq_handler
 .text          0x0000000000003bcd        0x0 kernel/global.o
 .text          0x0000000000003bcd      0x6ea kernel/protect.o
                0x0000000000003bcd                init_prot
                0x00000000000040ae                seg2linear
                0x0000000000004102                init_desc
                0x000000000000417b                exception_handler
 .text          0x00000000000042b7     0x188d kernel/proc.o
                0x00000000000042b7                schedule
                0x0000000000004356                sys_sendrec
                0x00000000000044a9                ldt_seg_linear
                0x0000000000004503                va2la
                0x0000000000004577                reset_msg
                0x00000000000054f1                inform_int
                0x000000000000567c                dump_proc
                0x00000000000059ef                dump_msg
 .text          0x0000000000005b44      0x2c3 kernel/systask.o
                0x0000000000005b44                task_sys
 .text          0x0000000000005e07      0xeda kernel/hd.o
                0x0000000000005e07                task_hd
                0x0000000000006cba                hd_handler
 *fill*         0x0000000000006ce1        0xf 
 .text          0x0000000000006cf0      0x19a kernel/kliba.o
                0x0000000000006cf0                disp_str
                0x0000000000006d2e                disp_color_str
                0x0000000000006d6d                out_byte
                0x0000000000006d79                in_byte
                0x0000000000006d83                port_read
                0x0000000000006d96                port_write
                0x0000000000006da9                disable_irq
                0x0000000000006dde                enable_irq
                0x0000000000006dfd                disable_int
                0x0000000000006dff                enable_int
                0x0000000000006e01                glitter
 .text          0x0000000000006e8a      0x2fa kernel/klib.o
                0x0000000000006e8a                get_boot_params
                0x0000000000006f21                get_kernel_map
                0x0000000000007053                itoa
                0x0000000000007113                disp_int
                0x000000000000713d                delay
 .text          0x0000000000007184       0xd2 lib/syslog.o
                0x0000000000007184                syslog
 .text          0x0000000000007256      0x1db mm/main.o
                0x0000000000007256                task_mm
                0x000000000000739d                alloc_mem
                0x0000000000007423                free_mem
 .text          0x0000000000007431      0x65a mm/forkexit.o
                0x0000000000007431                do_fork
                0x00000000000077a9                do_exit
                0x00000000000079c7                do_wait
 .text          0x0000000000007a8b      0x3ac mm/exec.o
                0x0000000000007a8b                do_exec
 .text          0x0000000000007e37     0x1239 fs/main.o
                0x0000000000007e37                task_fs
                0x00000000000089c9                rw_sector
                0x0000000000008be7                get_super_block
                0x0000000000008c38                get_inode
                0x0000000000008dc3                put_inode
                0x0000000000008e06                sync_inode
 .text          0x0000000000009070      0xbd5 fs/open.o
                0x0000000000009070                do_open
                0x0000000000009554                do_close
                0x00000000000095ec                do_lseek
 .text          0x0000000000009c45      0x3fc fs/misc.o
                0x0000000000009c45                do_stat
                0x0000000000009e23                search_file
                0x0000000000009f93                strip_path
 .text          0x000000000000a041      0x516 fs/read_write.o
                0x000000000000a041                do_rdwt
 .text          0x000000000000a557      0x84a fs/link.o
                0x000000000000a557                do_unlink
 .text          0x000000000000ada1     0x2b26 fs/disklog.o
                0x000000000000ada1                disklog
                0x000000000000b38d                dump_fd_graph
 .text          0x000000000000d8c7      0x188 lib/orangescrt.a(printf.o)
                0x000000000000d8c7                printf
                0x000000000000d9a7                printl
 .text          0x000000000000da4f      0x406 lib/orangescrt.a(vsprintf.o)
                0x000000000000dabf                vsprintf
                0x000000000000ddc8                sprintf
 *fill*         0x000000000000de55        0xb 
 .text          0x000000000000de60       0x78 lib/orangescrt.a(string.o)
                0x000000000000de60                memcpy
                0x000000000000de89                memset
                0x000000000000deaa                strcpy
                0x000000000000dec2                strlen
 .text          0x000000000000ded8      0x2cd lib/orangescrt.a(misc.o)
                0x000000000000ded8                send_recv
                0x000000000000dfa0                memcmp
                0x000000000000e02f                strcmp
                0x000000000000e0b9                strcat
                0x000000000000e12d                spin
                0x000000000000e151                assertion_failure
 .text          0x000000000000e1a5       0x6f lib/orangescrt.a(open.o)
                0x000000000000e1a5                open
 .text          0x000000000000e214       0x48 lib/orangescrt.a(read.o)
                0x000000000000e214                read
 .text          0x000000000000e25c       0x48 lib/orangescrt.a(write.o)
                0x000000000000e25c                write
 .text          0x000000000000e2a4       0x33 lib/orangescrt.a(close.o)
                0x000000000000e2a4                close
 .text          0x000000000000e2d7       0x4b lib/orangescrt.a(getpid.o)
                0x000000000000e2d7                getpid
 .text          0x000000000000e322       0x72 lib/orangescrt.a(stat.o)
                0x000000000000e322                stat
 .text          0x000000000000e394       0x6b lib/orangescrt.a(fork.o)
                0x000000000000e394                fork
 .text          0x000000000000e3ff       0x46 lib/orangescrt.a(wait.o)
                0x000000000000e3ff                wait
 .text          0x000000000000e445      0x2eb lib/orangescrt.a(exec.o)
                0x000000000000e445                exec
                0x000000000000e4ba                execl
                0x000000000000e54a                execv
 .text          0x000000000000e730       0x28 lib/orangescrt.a(syscall.o)
                0x000000000000e730                sendrec
                0x000000000000e74a                printx
 *(.gnu.warning)

.fini
 *(SORT(.fini))
                0x000000000000e758                PROVIDE (__etext, .)
                0x000000000000e758                PROVIDE (_etext, .)
                0x000000000000e758                PROVIDE (etext, .)

.rodata         0x000000000000e760     0x27a7
 *(.rodata .rodata.* .gnu.linkonce.r.*)
 .rodata        0x000000000000e760       0x47 kernel/start.o
 *fill*         0x000000000000e7a7        0x1 
 .rodata        0x000000000000e7a8      0x19c kernel/main.o
 *fill*         0x000000000000e944        0x4 
 .rodata        0x000000000000e948       0xc8 kernel/keyboard.o
 .rodata        0x000000000000ea10      0x1fc kernel/tty.o
 *fill*         0x000000000000ec0c        0x4 
 .rodata        0x000000000000ec10       0x5f kernel/console.o
 .rodata        0x000000000000ec6f       0x11 kernel/i8259.o
 .rodata        0x000000000000ec80       0x10 kernel/global.o
                0x000000000000ec80                FSBUF_SIZE
                0x000000000000ec84                MMBUF_SIZE
                0x000000000000ec88                LOGBUF_SIZE
                0x000000000000ec8c                LOGDISKBUF_SIZE
 *fill*         0x000000000000ec90       0x10 
 .rodata        0x000000000000eca0      0x580 kernel/protect.o
 .rodata        0x000000000000f220      0x5ee kernel/proc.o
 .rodata        0x000000000000f80e       0x11 kernel/systask.o
 *fill*         0x000000000000f81f        0x1 
 .rodata        0x000000000000f820      0x1ff kernel/hd.o
 *fill*         0x000000000000fa1f        0x1 
 .rodata        0x000000000000fa20       0x6e kernel/klib.o
 .rodata        0x000000000000fa8e       0x1e lib/syslog.o
 *fill*         0x000000000000faac        0x4 
 .rodata        0x000000000000fab0       0xb9 mm/main.o
 *fill*         0x000000000000fb69        0x7 
 .rodata        0x000000000000fb70       0xeb mm/forkexit.o
 *fill*         0x000000000000fc5b        0x5 
 .rodata        0x000000000000fc60       0xa8 mm/exec.o
 .rodata        0x000000000000fd08      0x326 fs/main.o
 *fill*         0x000000000001002e        0x2 
 .rodata        0x0000000000010030      0x140 fs/open.o
 .rodata        0x0000000000010170       0x60 fs/misc.o
 .rodata        0x00000000000101d0      0x168 fs/read_write.o
 .rodata        0x0000000000010338      0x1ad fs/link.o
 *fill*         0x00000000000104e5        0x3 
 .rodata        0x00000000000104e8      0x82a fs/disklog.o
 .rodata        0x0000000000010d12       0x14 lib/orangescrt.a(printf.o)
 *fill*         0x0000000000010d26        0x2 
 .rodata        0x0000000000010d28       0xb1 lib/orangescrt.a(misc.o)
 .rodata        0x0000000000010dd9       0x23 lib/orangescrt.a(open.o)
 .rodata        0x0000000000010dfc       0x25 lib/orangescrt.a(getpid.o)
 .rodata        0x0000000000010e21       0x23 lib/orangescrt.a(stat.o)
 .rodata        0x0000000000010e44       0x33 lib/orangescrt.a(fork.o)
 *fill*         0x0000000000010e77        0x1 
 .rodata        0x0000000000010e78       0x8f lib/orangescrt.a(exec.o)

.rodata1
 *(.rodata1)

.eh_frame_hdr
 *(.eh_frame_hdr)

.eh_frame       0x0000000000010f08     0x1240
 *(.eh_frame)
 .eh_frame      0x0000000000010f08       0x38 kernel/start.o
 .eh_frame      0x0000000000010f40      0x120 kernel/main.o
 .eh_frame      0x0000000000011060       0x60 kernel/clock.o
                                         0x78 (size before relaxing)
 .eh_frame      0x00000000000110c0       0xe0 kernel/keyboard.o
                                         0xf8 (size before relaxing)
 .eh_frame      0x00000000000111a0      0x140 kernel/tty.o
                                        0x158 (size before relaxing)
 .eh_frame      0x00000000000112e0      0x140 kernel/console.o
                                        0x158 (size before relaxing)
 .eh_frame      0x0000000000011420       0x60 kernel/i8259.o
                                         0x78 (size before relaxing)
 .eh_frame      0x0000000000011480       0xa0 kernel/protect.o
                                         0xb8 (size before relaxing)
 .eh_frame      0x0000000000011520      0x1c0 kernel/proc.o
                                        0x1d0 (size before relaxing)
 .eh_frame      0x00000000000116e0       0x60 kernel/systask.o
                                         0x78 (size before relaxing)
 .eh_frame      0x0000000000011740      0x1e0 kernel/hd.o
                                        0x1f8 (size before relaxing)
 .eh_frame      0x0000000000011920       0xa0 kernel/klib.o
                                         0xb8 (size before relaxing)
 .eh_frame      0x00000000000119c0       0x20 lib/syslog.o
                                         0x38 (size before relaxing)
 .eh_frame      0x00000000000119e0       0x80 mm/main.o
                                         0x98 (size before relaxing)
 .eh_frame      0x0000000000011a60       0x80 mm/forkexit.o
                                         0x98 (size before relaxing)
 .eh_frame      0x0000000000011ae0       0x28 mm/exec.o
                                         0x40 (size before relaxing)
 .eh_frame      0x0000000000011b08      0x168 fs/main.o
                                        0x178 (size before relaxing)
 .eh_frame      0x0000000000011c70      0x108 fs/open.o
                                        0x120 (size before relaxing)
 .eh_frame      0x0000000000011d78       0x68 fs/misc.o
                                         0x80 (size before relaxing)
 .eh_frame      0x0000000000011de0       0x28 fs/read_write.o
                                         0x40 (size before relaxing)
 .eh_frame      0x0000000000011e08       0x28 fs/link.o
                                         0x40 (size before relaxing)
 .eh_frame      0x0000000000011e30       0x50 fs/disklog.o
                                         0x60 (size before relaxing)
 .eh_frame      0x0000000000011e80       0x40 lib/orangescrt.a(printf.o)
                                         0x58 (size before relaxing)
 .eh_frame      0x0000000000011ec0       0x68 lib/orangescrt.a(vsprintf.o)
                                         0x80 (size before relaxing)
 .eh_frame      0x0000000000011f28       0xc0 lib/orangescrt.a(misc.o)
                                         0xd8 (size before relaxing)
 .eh_frame      0x0000000000011fe8       0x20 lib/orangescrt.a(open.o)
                                         0x38 (size before relaxing)
 .eh_frame      0x0000000000012008       0x20 lib/orangescrt.a(read.o)
                                         0x38 (size before relaxing)
 .eh_frame      0x0000000000012028       0x20 lib/orangescrt.a(write.o)
                                         0x38 (size before relaxing)
 .eh_frame      0x0000000000012048       0x20 lib/orangescrt.a(close.o)
                                         0x38 (size before relaxing)
 .eh_frame      0x0000000000012068       0x20 lib/orangescrt.a(getpid.o)
                                         0x38 (size before relaxing)
 .eh_frame      0x0000000000012088       0x20 lib/orangescrt.a(stat.o)
                                         0x38 (size before relaxing)
 .eh_frame      0x00000000000120a8       0x20 lib/orangescrt.a(fork.o)
                                         0x38 (size before relaxing)
 .eh_frame      0x00000000000120c8       0x20 lib/orangescrt.a(wait.o)
                                         0x38 (size before relaxing)
 .eh_frame      0x00000000000120e8       0x60 lib/orangescrt.a(exec.o)
                                         0x78 (size before relaxing)

.gcc_except_table
 *(.gcc_except_table .gcc_except_table.*)

.exception_ranges
 *(.exception_ranges .exception_ranges*)
                0x0000000000012148                . = (ALIGN (0x200000) - ((0x200000 - .) & 0x1fffff))
                0x0000000000212148                . = DATA_SEGMENT_ALIGN (0x200000, 0x1000)

.eh_frame
 *(.eh_frame)

.gcc_except_table
 *(.gcc_except_table .gcc_except_table.*)

.exception_ranges
 *(.exception_ranges .exception_ranges*)

.tdata
 *(.tdata .tdata.* .gnu.linkonce.td.*)

.tbss
 *(.tbss .tbss.* .gnu.linkonce.tb.*)
 *(.tcommon)

.preinit_array  0x0000000000212148        0x0
                0x0000000000212148                PROVIDE (__preinit_array_start, .)
 *(.preinit_array)
                0x0000000000212148                PROVIDE (__preinit_array_end, .)

.init_array     0x0000000000212148        0x0
                0x0000000000212148                PROVIDE (__init_array_start, .)
 *(SORT(.init_array.*) SORT(.ctors.*))
 *(.init_array EXCLUDE_FILE(*crtend?.o *crtend.o *crtbegin?.o *crtbegin.o) .ctors)
                0x0000000000212148                PROVIDE (__init_array_end, .)

.fini_array     0x0000000000212148        0x0
                0x0000000000212148                PROVIDE (__fini_array_start, .)
 *(SORT(.fini_array.*) SORT(.dtors.*))
 *(.fini_array EXCLUDE_FILE(*crtend?.o *crtend.o *crtbegin?.o *crtbegin.o) .dtors)
                0x0000000000212148                PROVIDE (__fini_array_end, .)

.ctors
 *crtbegin.o(.ctors)
 *crtbegin?.o(.ctors)
 *(EXCLUDE_FILE(*crtend?.o *crtend.o) .ctors)
 *(SORT(.ctors.*))
 *(.ctors)

.dtors
 *crtbegin.o(.dtors)
 *crtbegin?.o(.dtors)
 *(EXCLUDE_FILE(*crtend?.o *crtend.o) .dtors)
 *(SORT(.dtors.*))
 *(.dtors)

.jcr
 *(.jcr)

.data.rel.ro
 *(.data.rel.ro.local* .gnu.linkonce.d.rel.ro.local.*)
 *(.data.rel.ro .data.rel.ro.* .gnu.linkonce.d.rel.ro.*)

.dynamic
 *(.dynamic)

.got
 *(.got)
 *(.igot)
                0x0000000000212148                . = DATA_SEGMENT_RELRO_END (., (SIZEOF (.got.plt) >= 0x18)?0x18:0x0)

.got.plt        0x0000000000212148        0x0
 *(.got.plt)
 *(.igot.plt)
 .igot.plt      0x0000000000000000        0x0 kernel/start.o

.data           0x0000000000212160      0x878
 *(.data .data.* .gnu.linkonce.d.*)
 .data          0x0000000000212160        0x2 kernel/kernel.o
 .data          0x0000000000212162        0x0 kernel/start.o
 .data          0x0000000000212162        0x0 kernel/main.o
 .data          0x0000000000212162        0x0 kernel/clock.o
 *fill*         0x0000000000212162       0x1e 
 .data          0x0000000000212180      0x600 kernel/keyboard.o
                0x0000000000212180                keymap
 .data          0x0000000000212780       0x22 kernel/tty.o
 .data          0x00000000002127a2        0x0 kernel/console.o
 .data          0x00000000002127a2        0x0 kernel/i8259.o
 *fill*         0x00000000002127a2       0x1e 
 .data          0x00000000002127c0      0x218 kernel/global.o
                0x00000000002127c0                task_table
                0x00000000002128c0                user_proc_table
                0x0000000000212980                sys_call_table
                0x00000000002129a0                dd_map
                0x00000000002129b8                fsbuf
                0x00000000002129c0                mmbuf
                0x00000000002129c8                logbuf
                0x00000000002129d0                logdiskbuf
 .data          0x00000000002129d8        0x0 kernel/protect.o
 .data          0x00000000002129d8        0x0 kernel/proc.o
 .data          0x00000000002129d8        0x0 kernel/systask.o
 .data          0x00000000002129d8        0x0 kernel/hd.o
 .data          0x00000000002129d8        0x0 kernel/klib.o
 .data          0x00000000002129d8        0x0 lib/syslog.o
 .data          0x00000000002129d8        0x0 mm/main.o
 .data          0x00000000002129d8        0x0 mm/forkexit.o
 .data          0x00000000002129d8        0x0 mm/exec.o
 .data          0x00000000002129d8        0x0 fs/main.o
 .data          0x00000000002129d8        0x0 fs/open.o
 .data          0x00000000002129d8        0x0 fs/misc.o
 .data          0x00000000002129d8        0x0 fs/read_write.o
 .data          0x00000000002129d8        0x0 fs/link.o
 .data          0x00000000002129d8        0x0 fs/disklog.o
 .data          0x00000000002129d8        0x0 lib/orangescrt.a(printf.o)
 .data          0x00000000002129d8        0x0 lib/orangescrt.a(vsprintf.o)
 .data          0x00000000002129d8        0x0 lib/orangescrt.a(misc.o)
 .data          0x00000000002129d8        0x0 lib/orangescrt.a(open.o)
 .data          0x00000000002129d8        0x0 lib/orangescrt.a(read.o)
 .data          0x00000000002129d8        0x0 lib/orangescrt.a(write.o)
 .data          0x00000000002129d8        0x0 lib/orangescrt.a(close.o)
 .data          0x00000000002129d8        0x0 lib/orangescrt.a(getpid.o)
 .data          0x00000000002129d8        0x0 lib/orangescrt.a(stat.o)
 .data          0x00000000002129d8        0x0 lib/orangescrt.a(fork.o)
 .data          0x00000000002129d8        0x0 lib/orangescrt.a(wait.o)
 .data          0x00000000002129d8        0x0 lib/orangescrt.a(exec.o)

.data1
 *(.data1)
                0x00000000002129d8                _edata = .
                0x00000000002129d8                PROVIDE (edata, .)
                0x00000000002129d8                . = .
                0x00000000002129d8                __bss_start = .

.bss            0x00000000002129e0    0x2e1a0
 *(.dynbss)
 *(.bss .bss.* .gnu.linkonce.b.*)
 .bss           0x00000000002129e0      0x800 kernel/kernel.o
 .bss           0x00000000002131e0        0x0 kernel/start.o
 .bss           0x00000000002131e0        0x0 kernel/main.o
 .bss           0x00000000002131e0        0x0 kernel/clock.o
 .bss           0x00000000002131e0       0x64 kernel/keyboard.o
 .bss           0x0000000000213244        0x0 kernel/tty.o
 .bss           0x0000000000213244        0x0 kernel/console.o
 .bss           0x0000000000213244        0x0 kernel/i8259.o
 .bss           0x0000000000213244        0x0 kernel/global.o
 .bss           0x0000000000213244        0x0 kernel/protect.o
 .bss           0x0000000000213244        0x0 kernel/proc.o
 .bss           0x0000000000213244        0x0 kernel/systask.o
 *fill*         0x0000000000213244       0x1c 
 .bss           0x0000000000213260      0x64c kernel/hd.o
 .bss           0x00000000002138ac        0x0 kernel/klib.o
 .bss           0x00000000002138ac        0x0 lib/syslog.o
 .bss           0x00000000002138ac        0x0 mm/main.o
 .bss           0x00000000002138ac        0x0 mm/forkexit.o
 .bss           0x00000000002138ac        0x0 mm/exec.o
 .bss           0x00000000002138ac        0x0 fs/main.o
 .bss           0x00000000002138ac        0x0 fs/open.o
 .bss           0x00000000002138ac        0x0 fs/misc.o
 .bss           0x00000000002138ac        0x0 fs/read_write.o
 .bss           0x00000000002138ac        0x0 fs/link.o
 *fill*         0x00000000002138ac       0x14 
 .bss           0x00000000002138c0      0x208 fs/disklog.o
 .bss           0x0000000000213ac8        0x0 lib/orangescrt.a(printf.o)
 .bss           0x0000000000213ac8        0x0 lib/orangescrt.a(vsprintf.o)
 .bss           0x0000000000213ac8        0x0 lib/orangescrt.a(misc.o)
 .bss           0x0000000000213ac8        0x0 lib/orangescrt.a(open.o)
 .bss           0x0000000000213ac8        0x0 lib/orangescrt.a(read.o)
 .bss           0x0000000000213ac8        0x0 lib/orangescrt.a(write.o)
 .bss           0x0000000000213ac8        0x0 lib/orangescrt.a(close.o)
 .bss           0x0000000000213ac8        0x0 lib/orangescrt.a(getpid.o)
 .bss           0x0000000000213ac8        0x0 lib/orangescrt.a(stat.o)
 .bss           0x0000000000213ac8        0x0 lib/orangescrt.a(fork.o)
 .bss           0x0000000000213ac8        0x0 lib/orangescrt.a(wait.o)
 .bss           0x0000000000213ac8        0x0 lib/orangescrt.a(exec.o)
 *(COMMON)
 *fill*         0x0000000000213ac8       0x18 
 COMMON         0x0000000000213ae0    0x2d088 kernel/global.o
                0x0000000000213ae0                idt_ptr
                0x0000000000213b00                inode_table
                0x0000000000214600                task_stack
                0x0000000000238600                k_reenter
                0x0000000000238620                gdt
                0x0000000000238a20                current_console
                0x0000000000238a28                pcaller
                0x0000000000238a40                tty_table
                0x0000000000239700                tss
                0x0000000000239780                fs_msg
                0x00000000002397b8                memory_size
                0x00000000002397c0                f_desc_table
                0x0000000000239dc0                root_inode
                0x0000000000239dc8                disp_pos
                0x0000000000239de0                mm_msg
                0x0000000000239e18                key_pressed
                0x0000000000239e1c                gdt_ptr
                0x0000000000239e40                idt
                0x000000000023a640                super_block
                0x000000000023a820                ticks
                0x000000000023a840                console_table
                0x000000000023a880                irq_table
                0x000000000023a900                p_proc_ready
                0x000000000023a920                proc_table
 *fill*         0x0000000000240b68        0x8 
 COMMON         0x0000000000240b70       0x10 kernel/hd.o
                0x0000000000240b70                PARTITION_ENTRY
                0x0000000000240b80                . = ALIGN ((. != 0x0)?0x8:0x1)

.lbss
 *(.dynlbss)
 *(.lbss .lbss.* .gnu.linkonce.lb.*)
 *(LARGE_COMMON)
                0x0000000000240b80                . = ALIGN (0x8)
                0x0000000000240b80                . = SEGMENT_START ("ldata-segment", .)

.lrodata
 *(.lrodata .lrodata.* .gnu.linkonce.lr.*)

.ldata          0x0000000000640b80        0x0
 *(.ldata .ldata.* .gnu.linkonce.l.*)
                0x0000000000640b80                . = ALIGN ((. != 0x0)?0x8:0x1)
                0x0000000000640b80                . = ALIGN (0x8)
                0x0000000000640b80                _end = .
                0x0000000000640b80                PROVIDE (end, .)
                0x0000000000640b80                . = DATA_SEGMENT_END (.)

.stab
 *(.stab)

.stabstr
 *(.stabstr)

.stab.excl
 *(.stab.excl)

.stab.exclstr
 *(.stab.exclstr)

.stab.index
 *(.stab.index)

.stab.indexstr
 *(.stab.indexstr)

.comment        0x0000000000000000       0x2b
 *(.comment)
 .comment       0x0000000000000000       0x2b kernel/start.o
                                         0x2c (size before relaxing)
 .comment       0x0000000000000000       0x2c kernel/main.o
 .comment       0x0000000000000000       0x2c kernel/clock.o
 .comment       0x0000000000000000       0x2c kernel/keyboard.o
 .comment       0x0000000000000000       0x2c kernel/tty.o
 .comment       0x0000000000000000       0x2c kernel/console.o
 .comment       0x0000000000000000       0x2c kernel/i8259.o
 .comment       0x0000000000000000       0x2c kernel/global.o
 .comment       0x0000000000000000       0x2c kernel/protect.o
 .comment       0x0000000000000000       0x2c kernel/proc.o
 .comment       0x0000000000000000       0x2c kernel/systask.o
 .comment       0x0000000000000000       0x2c kernel/hd.o
 .comment       0x0000000000000000       0x2c kernel/klib.o
 .comment       0x0000000000000000       0x2c lib/syslog.o
 .comment       0x0000000000000000       0x2c mm/main.o
 .comment       0x0000000000000000       0x2c mm/forkexit.o
 .comment       0x0000000000000000       0x2c mm/exec.o
 .comment       0x0000000000000000       0x2c fs/main.o
 .comment       0x0000000000000000       0x2c fs/open.o
 .comment       0x0000000000000000       0x2c fs/misc.o
 .comment       0x0000000000000000       0x2c fs/read_write.o
 .comment       0x0000000000000000       0x2c fs/link.o
 .comment       0x0000000000000000       0x2c fs/disklog.o
 .comment       0x0000000000000000       0x2c lib/orangescrt.a(printf.o)
 .comment       0x0000000000000000       0x2c lib/orangescrt.a(vsprintf.o)
 .comment       0x0000000000000000       0x2c lib/orangescrt.a(misc.o)
 .comment       0x0000000000000000       0x2c lib/orangescrt.a(open.o)
 .comment       0x0000000000000000       0x2c lib/orangescrt.a(read.o)
 .comment       0x0000000000000000       0x2c lib/orangescrt.a(write.o)
 .comment       0x0000000000000000       0x2c lib/orangescrt.a(close.o)
 .comment       0x0000000000000000       0x2c lib/orangescrt.a(getpid.o)
 .comment       0x0000000000000000       0x2c lib/orangescrt.a(stat.o)
 .comment       0x0000000000000000       0x2c lib/orangescrt.a(fork.o)
 .comment       0x0000000000000000       0x2c lib/orangescrt.a(wait.o)
 .comment       0x0000000000000000       0x2c lib/orangescrt.a(exec.o)

.debug
 *(.debug)

.line
 *(.line)

.debug_srcinfo
 *(.debug_srcinfo)

.debug_sfnames
 *(.debug_sfnames)

.debug_aranges
 *(.debug_aranges)

.debug_pubnames
 *(.debug_pubnames)

.debug_info
 *(.debug_info .gnu.linkonce.wi.*)

.debug_abbrev
 *(.debug_abbrev)

.debug_line
 *(.debug_line .debug_line.* .debug_line_end)

.debug_frame
 *(.debug_frame)

.debug_str
 *(.debug_str)

.debug_loc
 *(.debug_loc)

.debug_macinfo
 *(.debug_macinfo)

.debug_weaknames
 *(.debug_weaknames)

.debug_funcnames
 *(.debug_funcnames)

.debug_typenames
 *(.debug_typenames)

.debug_varnames
 *(.debug_varnames)

.debug_pubtypes
 *(.debug_pubtypes)

.debug_ranges
 *(.debug_ranges)

.debug_macro
 *(.debug_macro)

.gnu.attributes
 *(.gnu.attributes)

/DISCARD/
 *(.note.GNU-stack)
 *(.gnu_debuglink)
 *(.gnu.lto_*)
OUTPUT(kernel.bin elf64-x86-64)
