Archive member included to satisfy reference by file (symbol)

lib/orangescrt.a(printf.o)    kernel/main.o (printf)
lib/orangescrt.a(vsprintf.o)  kernel/main.o (vsprintf)
lib/orangescrt.a(string.o)    kernel/start.o (memcpy)
lib/orangescrt.a(misc.o)      kernel/main.o (send_recv)
lib/orangescrt.a(open.o)      kernel/main.o (open)
lib/orangescrt.a(read.o)      kernel/main.o (read)
lib/orangescrt.a(write.o)     kernel/main.o (write)
lib/orangescrt.a(close.o)     kernel/main.o (close)
lib/orangescrt.a(getpid.o)    fs/disklog.o (getpid)
lib/orangescrt.a(stat.o)      mm/exec.o (stat)
lib/orangescrt.a(fork.o)      kernel/main.o (fork)
lib/orangescrt.a(wait.o)      kernel/main.o (wait)
lib/orangescrt.a(exec.o)      kernel/main.o (execv)
lib/orangescrt.a(syscall.o)   lib/orangescrt.a(misc.o) (sendrec)

Allocating common symbols
Common symbol       size              file

idt_ptr             0x6               kernel/global.o
inode_table         0xb00             kernel/global.o
task_stack          0x24000           kernel/global.o
k_reenter           0x4               kernel/global.o
gdt                 0x400             kernel/global.o
current_console     0x4               kernel/global.o
pcaller             0x4               kernel/global.o
tty_table           0xc6c             kernel/global.o
tss                 0x68              kernel/global.o
fs_msg              0x30              kernel/global.o
memory_size         0x4               kernel/global.o
f_desc_table        0x400             kernel/global.o
root_inode          0x4               kernel/global.o
current             0x4               kernel/proc.o
disp_pos            0x4               kernel/global.o
mm_msg              0x30              kernel/global.o
key_pressed         0x4               kernel/global.o
gdt_ptr             0x6               kernel/global.o
idt                 0x800             kernel/global.o
super_block         0x1e0             kernel/global.o
PARTITION_ENTRY     0x10              kernel/hd.o
ticks               0x4               kernel/global.o
console_table       0x3c              kernel/global.o
irq_table           0x40              kernel/global.o
p_proc_ready        0x4               kernel/global.o
proc_table          0x3c20            kernel/global.o

Discarded input sections

 .note.GNU-stack
                0x0000000000000000        0x0 kernel/start.o
 .note.GNU-stack
                0x0000000000000000        0x0 kernel/main.o
 .note.GNU-stack
                0x0000000000000000        0x0 kernel/clock.o
 .note.GNU-stack
                0x0000000000000000        0x0 kernel/keyboard.o
 .note.GNU-stack
                0x0000000000000000        0x0 kernel/tty.o
 .note.GNU-stack
                0x0000000000000000        0x0 kernel/console.o
 .note.GNU-stack
                0x0000000000000000        0x0 kernel/i8259.o
 .note.GNU-stack
                0x0000000000000000        0x0 kernel/global.o
 .note.GNU-stack
                0x0000000000000000        0x0 kernel/protect.o
 .note.GNU-stack
                0x0000000000000000        0x0 kernel/proc.o
 .note.GNU-stack
                0x0000000000000000        0x0 kernel/systask.o
 .note.GNU-stack
                0x0000000000000000        0x0 kernel/hd.o
 .note.GNU-stack
                0x0000000000000000        0x0 kernel/klib.o
 .note.GNU-stack
                0x0000000000000000        0x0 kernel/mktime.o
 .note.GNU-stack
                0x0000000000000000        0x0 lib/syslog.o
 .note.GNU-stack
                0x0000000000000000        0x0 mm/main.o
 .note.GNU-stack
                0x0000000000000000        0x0 mm/forkexit.o
 .note.GNU-stack
                0x0000000000000000        0x0 mm/exec.o
 .note.GNU-stack
                0x0000000000000000        0x0 fs/main.o
 .note.GNU-stack
                0x0000000000000000        0x0 fs/open.o
 .note.GNU-stack
                0x0000000000000000        0x0 fs/misc.o
 .note.GNU-stack
                0x0000000000000000        0x0 fs/read_write.o
 .note.GNU-stack
                0x0000000000000000        0x0 fs/link.o
 .note.GNU-stack
                0x0000000000000000        0x0 fs/ls.o
 .note.GNU-stack
                0x0000000000000000        0x0 fs/disklog.o
 .note.GNU-stack
                0x0000000000000000        0x0 lib/orangescrt.a(printf.o)
 .note.GNU-stack
                0x0000000000000000        0x0 lib/orangescrt.a(vsprintf.o)
 .note.GNU-stack
                0x0000000000000000        0x0 lib/orangescrt.a(misc.o)
 .note.GNU-stack
                0x0000000000000000        0x0 lib/orangescrt.a(open.o)
 .note.GNU-stack
                0x0000000000000000        0x0 lib/orangescrt.a(read.o)
 .note.GNU-stack
                0x0000000000000000        0x0 lib/orangescrt.a(write.o)
 .note.GNU-stack
                0x0000000000000000        0x0 lib/orangescrt.a(close.o)
 .note.GNU-stack
                0x0000000000000000        0x0 lib/orangescrt.a(getpid.o)
 .note.GNU-stack
                0x0000000000000000        0x0 lib/orangescrt.a(stat.o)
 .note.GNU-stack
                0x0000000000000000        0x0 lib/orangescrt.a(fork.o)
 .note.GNU-stack
                0x0000000000000000        0x0 lib/orangescrt.a(wait.o)
 .note.GNU-stack
                0x0000000000000000        0x0 lib/orangescrt.a(exec.o)

Memory Configuration

Name             Origin             Length             Attributes
*default*        0x0000000000000000 0xffffffffffffffff

Linker script and memory map

Address of section .text set to 0x1000
LOAD kernel/kernel.o
LOAD kernel/start.o
LOAD kernel/main.o
LOAD kernel/clock.o
LOAD kernel/keyboard.o
LOAD kernel/tty.o
LOAD kernel/console.o
LOAD kernel/i8259.o
LOAD kernel/global.o
LOAD kernel/protect.o
LOAD kernel/proc.o
LOAD kernel/systask.o
LOAD kernel/hd.o
LOAD kernel/kliba.o
LOAD kernel/klib.o
LOAD kernel/mktime.o
LOAD lib/syslog.o
LOAD mm/main.o
LOAD mm/forkexit.o
LOAD mm/exec.o
LOAD fs/main.o
LOAD fs/open.o
LOAD fs/misc.o
LOAD fs/read_write.o
LOAD fs/link.o
LOAD fs/ls.o
LOAD fs/disklog.o
LOAD lib/orangescrt.a
                [!provide]                        PROVIDE (__executable_start, 0x8048000)
                0x0000000008048094                . = (0x8048000 + SIZEOF_HEADERS)

.interp
 *(.interp)

.note.gnu.build-id
 *(.note.gnu.build-id)

.hash
 *(.hash)

.gnu.hash
 *(.gnu.hash)

.dynsym
 *(.dynsym)

.dynstr
 *(.dynstr)

.gnu.version
 *(.gnu.version)

.gnu.version_d
 *(.gnu.version_d)

.gnu.version_r
 *(.gnu.version_r)

.rel.dyn        0x0000000008048094        0x0
 *(.rel.init)
 *(.rel.text .rel.text.* .rel.gnu.linkonce.t.*)
 .rel.text      0x0000000008048094        0x0 kernel/kernel.o
 *(.rel.fini)
 *(.rel.rodata .rel.rodata.* .rel.gnu.linkonce.r.*)
 *(.rel.data.rel.ro .rel.data.rel.ro.* .rel.gnu.linkonce.d.rel.ro.*)
 *(.rel.data .rel.data.* .rel.gnu.linkonce.d.*)
 .rel.data      0x0000000008048094        0x0 kernel/kernel.o
 *(.rel.tdata .rel.tdata.* .rel.gnu.linkonce.td.*)
 *(.rel.tbss .rel.tbss.* .rel.gnu.linkonce.tb.*)
 *(.rel.ctors)
 *(.rel.dtors)
 *(.rel.got)
 *(.rel.bss .rel.bss.* .rel.gnu.linkonce.b.*)
 *(.rel.ifunc)

.rel.plt        0x0000000008048094        0x0
 *(.rel.plt)
                [!provide]                        PROVIDE (__rel_iplt_start, .)
 *(.rel.iplt)
 .rel.iplt      0x0000000008048094        0x0 kernel/kernel.o
                [!provide]                        PROVIDE (__rel_iplt_end, .)

.init
 *(SORT(.init))

.plt            0x00000000080480a0        0x0
 *(.plt)
 *(.iplt)
 .iplt          0x00000000080480a0        0x0 kernel/kernel.o

.plt.got
 *(.plt.got)

.text           0x0000000000001000     0xc428
 *(.text.unlikely .text.*_unlikely .text.unlikely.*)
 *(.text.exit .text.exit.*)
 *(.text.startup .text.startup.*)
 *(.text.hot .text.hot.*)
 *(.text .stub .text.* .gnu.linkonce.t.*)
 .text          0x0000000000001000      0x410 kernel/kernel.o
                0x0000000000001000                _start
                0x0000000000001040                hwint00
                0x0000000000001070                hwint01
                0x00000000000010a0                hwint02
                0x00000000000010d0                hwint03
                0x0000000000001100                hwint04
                0x0000000000001130                hwint05
                0x0000000000001160                hwint06
                0x0000000000001190                hwint07
                0x00000000000011c0                hwint08
                0x00000000000011f0                hwint09
                0x0000000000001220                hwint10
                0x0000000000001250                hwint11
                0x0000000000001280                hwint12
                0x00000000000012b0                hwint13
                0x00000000000012e0                hwint14
                0x0000000000001310                hwint15
                0x0000000000001334                divide_error
                0x000000000000133a                single_step_exception
                0x0000000000001340                nmi
                0x0000000000001346                breakpoint_exception
                0x000000000000134c                overflow
                0x0000000000001352                bounds_check
                0x0000000000001358                inval_opcode
                0x000000000000135e                copr_not_available
                0x0000000000001364                double_fault
                0x0000000000001368                copr_seg_overrun
                0x000000000000136e                inval_tss
                0x0000000000001372                segment_not_present
                0x0000000000001376                stack_exception
                0x000000000000137a                general_protection
                0x000000000000137e                page_fault
                0x0000000000001382                copr_error
                0x00000000000013cb                sys_call
                0x00000000000013eb                restart
 .text          0x0000000000001410       0x85 kernel/start.o
                0x0000000000001410                cstart
 .text          0x0000000000001495      0xf41 kernel/main.o
                0x0000000000001495                insw
                0x00000000000016be                kernel_main
                0x00000000000016f4                init_process
                0x0000000000001a0d                disp_start_time
                0x0000000000001ca7                get_ticks
                0x0000000000001cdb                show_proc_info
                0x0000000000001da0                untar
                0x0000000000001f5e                shabby_shell
                0x0000000000001ff3                shell_routine
                0x00000000000021ca                Init
                0x000000000000231a                TestA
                0x000000000000231f                TestB
                0x0000000000002324                TestC
                0x0000000000002329                panic
                0x0000000000002372                clear
 .text          0x00000000000023d6      0x11c kernel/clock.o
                0x00000000000023d6                clock_handler
                0x0000000000002460                milli_delay
                0x000000000000249a                init_clock
 .text          0x00000000000024f2      0x6da kernel/keyboard.o
                0x00000000000024f2                keyboard_handler
                0x000000000000255c                init_keyboard
                0x000000000000260b                keyboard_read
 .text          0x0000000000002bcc      0xa4a kernel/tty.o
                0x0000000000002bcc                task_tty
                0x0000000000002dbd                in_process
                0x0000000000003316                sys_printx
                0x00000000000034b5                dump_tty_buf
 .text          0x0000000000003616      0x7d7 kernel/console.o
                0x0000000000003616                init_screen
                0x000000000000378a                out_char
                0x0000000000003a2d                clear_screen
                0x0000000000003a67                is_current_console
                0x0000000000003a8a                set_cursor
                0x0000000000003af2                set_video_start_addr
                0x0000000000003b5a                select_console
                0x0000000000003b9a                scroll_screen
                0x0000000000003d7e                flush
 .text          0x0000000000003ded      0x130 kernel/i8259.o
                0x0000000000003ded                init_8259A
                0x0000000000003ec2                spurious_irq
                0x0000000000003ef9                put_irq_handler
 .text          0x0000000000003f1d        0x0 kernel/global.o
 .text          0x0000000000003f1d      0x65f kernel/protect.o
                0x0000000000003f1d                init_prot
                0x0000000000004385                seg2linear
                0x00000000000043d4                init_desc
                0x0000000000004441                exception_handler
 .text          0x000000000000457c     0x168f kernel/proc.o
                0x000000000000457c                schedule
                0x0000000000004633                sys_sendrec
                0x0000000000004753                ldt_seg_linear
                0x000000000000479d                va2la
                0x00000000000047fe                reset_msg
                0x0000000000005607                proc_block
                0x0000000000005625                proc_restore
                0x0000000000005643                inform_int
                0x00000000000057bf                dump_proc
                0x0000000000005afe                dump_msg
 .text          0x0000000000005c0b      0x2bc kernel/systask.o
                0x0000000000005c0b                task_sys
 .text          0x0000000000005ec7      0xcbe kernel/hd.o
                0x0000000000005ec7                task_hd
                0x0000000000006b5a                hd_handler
 *fill*         0x0000000000006b85        0xb 
 .text          0x0000000000006b90      0x19a kernel/kliba.o
                0x0000000000006b90                disp_str
                0x0000000000006bce                disp_color_str
                0x0000000000006c0d                out_byte
                0x0000000000006c19                in_byte
                0x0000000000006c23                port_read
                0x0000000000006c36                port_write
                0x0000000000006c49                disable_irq
                0x0000000000006c7e                enable_irq
                0x0000000000006c9d                disable_int
                0x0000000000006c9f                enable_int
                0x0000000000006ca1                glitter
 .text          0x0000000000006d2a      0x3d3 kernel/klib.o
                0x0000000000006d2a                get_boot_params
                0x0000000000006db0                get_kernel_map
                0x0000000000006ec0                MyItoa
                0x0000000000006fe2                itoa
                0x000000000000708d                disp_int
                0x00000000000070b6                delay
 .text          0x00000000000070fd       0xa9 kernel/mktime.o
                0x00000000000070fd                kernel_mktime
 .text          0x00000000000071a6       0x6f lib/syslog.o
                0x00000000000071a6                syslog
 .text          0x0000000000007215      0x1bc mm/main.o
                0x0000000000007215                task_mm
                0x000000000000734c                alloc_mem
                0x00000000000073c7                free_mem
 .text          0x00000000000073d1      0x5e3 mm/forkexit.o
                0x00000000000073d1                do_fork
                0x0000000000007728                do_exit
                0x00000000000078fe                do_wait
 .text          0x00000000000079b4      0x356 mm/exec.o
                0x00000000000079b4                do_exec
 .text          0x0000000000007d0a     0x1004 fs/main.o
                0x0000000000007d0a                task_fs
                0x00000000000086f3                rw_sector
                0x0000000000008916                get_super_block
                0x000000000000895c                get_inode
                0x0000000000008abf                put_inode
                0x0000000000008afd                sync_inode
 .text          0x0000000000008d0e      0xaa6 fs/open.o
                0x0000000000008d0e                do_open
                0x0000000000009150                do_close
                0x00000000000091cb                do_lseek
 .text          0x00000000000097b4      0x3b2 fs/misc.o
                0x00000000000097b4                do_stat
                0x0000000000009985                search_file
                0x0000000000009adb                strip_path
 .text          0x0000000000009b66      0x49a fs/read_write.o
                0x0000000000009b66                do_rdwt
 .text          0x000000000000a000      0x808 fs/link.o
                0x000000000000a000                do_unlink
 .text          0x000000000000a808      0x12c fs/ls.o
                0x000000000000a808                do_ls
 .text          0x000000000000a934     0x1fbb fs/disklog.o
                0x000000000000a934                disklog
                0x000000000000aea1                dump_fd_graph
 .text          0x000000000000c8ef       0xad lib/orangescrt.a(printf.o)
                0x000000000000c8ef                printf
                0x000000000000c95a                printl
 .text          0x000000000000c99c      0x305 lib/orangescrt.a(vsprintf.o)
                0x000000000000c9fa                vsprintf
                0x000000000000cc7b                sprintf
 *fill*         0x000000000000cca1        0xf 
 .text          0x000000000000ccb0       0x78 lib/orangescrt.a(string.o)
                0x000000000000ccb0                memcpy
                0x000000000000ccd9                memset
                0x000000000000ccfa                strcpy
                0x000000000000cd12                strlen
 .text          0x000000000000cd28      0x256 lib/orangescrt.a(misc.o)
                0x000000000000cd28                send_recv
                0x000000000000cde2                memcmp
                0x000000000000ce58                strcmp
                0x000000000000cecb                strcat
                0x000000000000cf2a                spin
                0x000000000000cf45                assertion_failure
 .text          0x000000000000cf7e       0x63 lib/orangescrt.a(open.o)
                0x000000000000cf7e                open
 .text          0x000000000000cfe1       0x37 lib/orangescrt.a(read.o)
                0x000000000000cfe1                read
 .text          0x000000000000d018       0x37 lib/orangescrt.a(write.o)
                0x000000000000d018                write
 .text          0x000000000000d04f       0x2b lib/orangescrt.a(close.o)
                0x000000000000d04f                close
 .text          0x000000000000d07a       0x46 lib/orangescrt.a(getpid.o)
                0x000000000000d07a                getpid
 .text          0x000000000000d0c0       0x63 lib/orangescrt.a(stat.o)
                0x000000000000d0c0                stat
 .text          0x000000000000d123       0x66 lib/orangescrt.a(fork.o)
                0x000000000000d123                fork
 .text          0x000000000000d189       0x3c lib/orangescrt.a(wait.o)
                0x000000000000d189                wait
 .text          0x000000000000d1c5      0x237 lib/orangescrt.a(exec.o)
                0x000000000000d1c5                exec
                0x000000000000d230                execl
                0x000000000000d255                execv
 *fill*         0x000000000000d3fc        0x4 
 .text          0x000000000000d400       0x28 lib/orangescrt.a(syscall.o)
                0x000000000000d400                sendrec
                0x000000000000d41a                printx
 *(.gnu.warning)

.fini
 *(SORT(.fini))
                [!provide]                        PROVIDE (__etext, .)
                [!provide]                        PROVIDE (_etext, .)
                [!provide]                        PROVIDE (etext, .)

.rodata         0x000000000000d440     0x254f
 *(.rodata .rodata.* .gnu.linkonce.r.*)
 .rodata        0x000000000000d440        0x7 kernel/start.o
 *fill*         0x000000000000d447        0x1 
 .rodata        0x000000000000d448      0x2b0 kernel/main.o
 .rodata        0x000000000000d6f8       0x64 kernel/keyboard.o
 .rodata        0x000000000000d75c      0x168 kernel/tty.o
 .rodata        0x000000000000d8c4       0x5b kernel/console.o
 .rodata        0x000000000000d91f       0x11 kernel/i8259.o
 .rodata        0x000000000000d930       0x10 kernel/global.o
                0x000000000000d930                FSBUF_SIZE
                0x000000000000d934                MMBUF_SIZE
                0x000000000000d938                LOGBUF_SIZE
                0x000000000000d93c                LOGDISKBUF_SIZE
 .rodata        0x000000000000d940      0x580 kernel/protect.o
 .rodata        0x000000000000dec0      0x5da kernel/proc.o
 .rodata        0x000000000000e49a       0x11 kernel/systask.o
 *fill*         0x000000000000e4ab        0x1 
 .rodata        0x000000000000e4ac      0x10f kernel/hd.o
 *fill*         0x000000000000e5bb        0x1 
 .rodata        0x000000000000e5bc       0x6a kernel/klib.o
 .rodata        0x000000000000e626       0x1e lib/syslog.o
 .rodata        0x000000000000e644       0xb1 mm/main.o
 *fill*         0x000000000000e6f5        0x3 
 .rodata        0x000000000000e6f8       0xe7 mm/forkexit.o
 *fill*         0x000000000000e7df        0x1 
 .rodata        0x000000000000e7e0       0xa4 mm/exec.o
 .rodata        0x000000000000e884      0x222 fs/main.o
 *fill*         0x000000000000eaa6        0x2 
 .rodata        0x000000000000eaa8      0x13c fs/open.o
 .rodata        0x000000000000ebe4       0x60 fs/misc.o
 .rodata        0x000000000000ec44      0x164 fs/read_write.o
 .rodata        0x000000000000eda8      0x1ad fs/link.o
 .rodata        0x000000000000ef55       0x4a fs/ls.o
 *fill*         0x000000000000ef9f        0x1 
 .rodata        0x000000000000efa0      0x806 fs/disklog.o
 .rodata        0x000000000000f7a6       0x14 lib/orangescrt.a(printf.o)
 *fill*         0x000000000000f7ba        0x2 
 .rodata        0x000000000000f7bc       0xad lib/orangescrt.a(misc.o)
 .rodata        0x000000000000f869       0x23 lib/orangescrt.a(open.o)
 .rodata        0x000000000000f88c       0x25 lib/orangescrt.a(getpid.o)
 .rodata        0x000000000000f8b1       0x23 lib/orangescrt.a(stat.o)
 .rodata        0x000000000000f8d4       0x33 lib/orangescrt.a(fork.o)
 *fill*         0x000000000000f907        0x1 
 .rodata        0x000000000000f908       0x87 lib/orangescrt.a(exec.o)

.rodata1
 *(.rodata1)

.eh_frame_hdr
 *(.eh_frame_hdr)
 *(.eh_frame_entry .eh_frame_entry.*)

.eh_frame       0x000000000000f990     0x13f8
 *(.eh_frame)
 .eh_frame      0x000000000000f990       0x38 kernel/start.o
 .eh_frame      0x000000000000f9c8      0x1f0 kernel/main.o
                                        0x208 (size before relaxing)
 .eh_frame      0x000000000000fbb8       0x60 kernel/clock.o
                                         0x78 (size before relaxing)
 .eh_frame      0x000000000000fc18       0xe0 kernel/keyboard.o
                                         0xf8 (size before relaxing)
 .eh_frame      0x000000000000fcf8      0x13c kernel/tty.o
                                        0x154 (size before relaxing)
 .eh_frame      0x000000000000fe34      0x144 kernel/console.o
                                        0x15c (size before relaxing)
 .eh_frame      0x000000000000ff78       0x60 kernel/i8259.o
                                         0x78 (size before relaxing)
 .eh_frame      0x000000000000ffd8       0xb0 kernel/protect.o
                                         0xc8 (size before relaxing)
 .eh_frame      0x0000000000010088      0x1f8 kernel/proc.o
                                        0x210 (size before relaxing)
 .eh_frame      0x0000000000010280       0x5c kernel/systask.o
                                         0x74 (size before relaxing)
 .eh_frame      0x00000000000102dc      0x1e8 kernel/hd.o
                                        0x200 (size before relaxing)
 .eh_frame      0x00000000000104c4       0xc0 kernel/klib.o
                                         0xd8 (size before relaxing)
 .eh_frame      0x0000000000010584       0x20 kernel/mktime.o
                                         0x38 (size before relaxing)
 .eh_frame      0x00000000000105a4       0x20 lib/syslog.o
                                         0x38 (size before relaxing)
 .eh_frame      0x00000000000105c4       0x7c mm/main.o
                                         0x94 (size before relaxing)
 .eh_frame      0x0000000000010640       0x90 mm/forkexit.o
                                         0xa8 (size before relaxing)
 .eh_frame      0x00000000000106d0       0x2c mm/exec.o
                                         0x44 (size before relaxing)
 .eh_frame      0x00000000000106fc      0x16c fs/main.o
                                        0x184 (size before relaxing)
 .eh_frame      0x0000000000010868      0x120 fs/open.o
                                        0x138 (size before relaxing)
 .eh_frame      0x0000000000010988       0x68 fs/misc.o
                                         0x80 (size before relaxing)
 .eh_frame      0x00000000000109f0       0x2c fs/read_write.o
                                         0x44 (size before relaxing)
 .eh_frame      0x0000000000010a1c       0x2c fs/link.o
                                         0x44 (size before relaxing)
 .eh_frame      0x0000000000010a48       0x24 fs/ls.o
                                         0x3c (size before relaxing)
 .eh_frame      0x0000000000010a6c       0x60 fs/disklog.o
                                         0x78 (size before relaxing)
 .eh_frame      0x0000000000010acc       0x40 lib/orangescrt.a(printf.o)
                                         0x58 (size before relaxing)
 .eh_frame      0x0000000000010b0c       0x60 lib/orangescrt.a(vsprintf.o)
                                         0x78 (size before relaxing)
 .eh_frame      0x0000000000010b6c       0xbc lib/orangescrt.a(misc.o)
                                         0xd4 (size before relaxing)
 .eh_frame      0x0000000000010c28       0x20 lib/orangescrt.a(open.o)
                                         0x38 (size before relaxing)
 .eh_frame      0x0000000000010c48       0x20 lib/orangescrt.a(read.o)
                                         0x38 (size before relaxing)
 .eh_frame      0x0000000000010c68       0x20 lib/orangescrt.a(write.o)
                                         0x38 (size before relaxing)
 .eh_frame      0x0000000000010c88       0x20 lib/orangescrt.a(close.o)
                                         0x38 (size before relaxing)
 .eh_frame      0x0000000000010ca8       0x20 lib/orangescrt.a(getpid.o)
                                         0x38 (size before relaxing)
 .eh_frame      0x0000000000010cc8       0x20 lib/orangescrt.a(stat.o)
                                         0x38 (size before relaxing)
 .eh_frame      0x0000000000010ce8       0x20 lib/orangescrt.a(fork.o)
                                         0x38 (size before relaxing)
 .eh_frame      0x0000000000010d08       0x20 lib/orangescrt.a(wait.o)
                                         0x38 (size before relaxing)
 .eh_frame      0x0000000000010d28       0x60 lib/orangescrt.a(exec.o)
                                         0x78 (size before relaxing)
 *(.eh_frame.*)

.gcc_except_table
 *(.gcc_except_table .gcc_except_table.*)

.gnu_extab
 *(.gnu_extab*)

.exception_ranges
 *(.exception_ranges .exception_ranges*)
                0x0000000000011d88                . = DATA_SEGMENT_ALIGN (0x1000, 0x1000)

.eh_frame
 *(.eh_frame)
 *(.eh_frame.*)

.gnu_extab
 *(.gnu_extab)

.gcc_except_table
 *(.gcc_except_table .gcc_except_table.*)

.exception_ranges
 *(.exception_ranges .exception_ranges*)

.tdata
 *(.tdata .tdata.* .gnu.linkonce.td.*)

.tbss
 *(.tbss .tbss.* .gnu.linkonce.tb.*)
 *(.tcommon)

.preinit_array  0x0000000000011d88        0x0
                [!provide]                        PROVIDE (__preinit_array_start, .)
 *(.preinit_array)
                [!provide]                        PROVIDE (__preinit_array_end, .)

.init_array     0x0000000000011d88        0x0
                [!provide]                        PROVIDE (__init_array_start, .)
 *(SORT(.init_array.*) SORT(.ctors.*))
 *(.init_array EXCLUDE_FILE(*crtend?.o *crtend.o *crtbegin?.o *crtbegin.o) .ctors)
                [!provide]                        PROVIDE (__init_array_end, .)

.fini_array     0x0000000000011d88        0x0
                [!provide]                        PROVIDE (__fini_array_start, .)
 *(SORT(.fini_array.*) SORT(.dtors.*))
 *(.fini_array EXCLUDE_FILE(*crtend?.o *crtend.o *crtbegin?.o *crtbegin.o) .dtors)
                [!provide]                        PROVIDE (__fini_array_end, .)

.ctors
 *crtbegin.o(.ctors)
 *crtbegin?.o(.ctors)
 *(EXCLUDE_FILE(*crtend?.o *crtend.o) .ctors)
 *(SORT(.ctors.*))
 *(.ctors)

.dtors
 *crtbegin.o(.dtors)
 *crtbegin?.o(.dtors)
 *(EXCLUDE_FILE(*crtend?.o *crtend.o) .dtors)
 *(SORT(.dtors.*))
 *(.dtors)

.jcr
 *(.jcr)

.data.rel.ro
 *(.data.rel.ro.local* .gnu.linkonce.d.rel.ro.local.*)
 *(.data.rel.ro .data.rel.ro.* .gnu.linkonce.d.rel.ro.*)

.dynamic
 *(.dynamic)

.got
 *(.got)
 *(.igot)
                0x0000000000011d88                . = DATA_SEGMENT_RELRO_END (., (SIZEOF (.got.plt) >= 0xc)?0xc:0x0)

.got.plt        0x0000000000011d88        0x0
 *(.got.plt)
 *(.igot.plt)
 .igot.plt      0x0000000000011d88        0x0 kernel/kernel.o

.data           0x0000000000011da0      0x850
 *(.data .data.* .gnu.linkonce.d.*)
 .data          0x0000000000011da0        0x2 kernel/kernel.o
 .data          0x0000000000011da2        0x0 kernel/start.o
 .data          0x0000000000011da2        0x0 kernel/main.o
 .data          0x0000000000011da2        0x0 kernel/clock.o
 *fill*         0x0000000000011da2       0x1e 
 .data          0x0000000000011dc0      0x600 kernel/keyboard.o
                0x0000000000011dc0                keymap
 .data          0x00000000000123c0       0x22 kernel/tty.o
 .data          0x00000000000123e2        0x0 kernel/console.o
 .data          0x00000000000123e2        0x0 kernel/i8259.o
 *fill*         0x00000000000123e2       0x1e 
 .data          0x0000000000012400      0x1b4 kernel/global.o
                0x0000000000012400                task_table
                0x00000000000124e0                user_proc_table
                0x0000000000012580                sys_call_table
                0x000000000001258c                dd_map
                0x00000000000125a4                fsbuf
                0x00000000000125a8                mmbuf
                0x00000000000125ac                logbuf
                0x00000000000125b0                logdiskbuf
 .data          0x00000000000125b4        0x0 kernel/protect.o
 .data          0x00000000000125b4        0x0 kernel/proc.o
 .data          0x00000000000125b4        0x0 kernel/systask.o
 .data          0x00000000000125b4        0x0 kernel/hd.o
 .data          0x00000000000125b4        0x0 kernel/klib.o
 *fill*         0x00000000000125b4        0xc 
 .data          0x00000000000125c0       0x30 kernel/mktime.o
 .data          0x00000000000125f0        0x0 lib/syslog.o
 .data          0x00000000000125f0        0x0 mm/main.o
 .data          0x00000000000125f0        0x0 mm/forkexit.o
 .data          0x00000000000125f0        0x0 mm/exec.o
 .data          0x00000000000125f0        0x0 fs/main.o
 .data          0x00000000000125f0        0x0 fs/open.o
 .data          0x00000000000125f0        0x0 fs/misc.o
 .data          0x00000000000125f0        0x0 fs/read_write.o
 .data          0x00000000000125f0        0x0 fs/link.o
 .data          0x00000000000125f0        0x0 fs/ls.o
 .data          0x00000000000125f0        0x0 fs/disklog.o
 .data          0x00000000000125f0        0x0 lib/orangescrt.a(printf.o)
 .data          0x00000000000125f0        0x0 lib/orangescrt.a(vsprintf.o)
 .data          0x00000000000125f0        0x0 lib/orangescrt.a(misc.o)
 .data          0x00000000000125f0        0x0 lib/orangescrt.a(open.o)
 .data          0x00000000000125f0        0x0 lib/orangescrt.a(read.o)
 .data          0x00000000000125f0        0x0 lib/orangescrt.a(write.o)
 .data          0x00000000000125f0        0x0 lib/orangescrt.a(close.o)
 .data          0x00000000000125f0        0x0 lib/orangescrt.a(getpid.o)
 .data          0x00000000000125f0        0x0 lib/orangescrt.a(stat.o)
 .data          0x00000000000125f0        0x0 lib/orangescrt.a(fork.o)
 .data          0x00000000000125f0        0x0 lib/orangescrt.a(wait.o)
 .data          0x00000000000125f0        0x0 lib/orangescrt.a(exec.o)

.data1
 *(.data1)
                0x00000000000125f0                _edata = .
                [!provide]                        PROVIDE (edata, .)
                0x00000000000125f0                . = .
                0x00000000000125f0                __bss_start = .

.bss            0x0000000000012600    0x2b8b4
 *(.dynbss)
 *(.bss .bss.* .gnu.linkonce.b.*)
 .bss           0x0000000000012600      0x800 kernel/kernel.o
 .bss           0x0000000000012e00        0x0 kernel/start.o
 .bss           0x0000000000012e00        0x0 kernel/main.o
 .bss           0x0000000000012e00        0x0 kernel/clock.o
 .bss           0x0000000000012e00       0x58 kernel/keyboard.o
 .bss           0x0000000000012e58        0x0 kernel/tty.o
 .bss           0x0000000000012e58        0x0 kernel/console.o
 .bss           0x0000000000012e58        0x0 kernel/i8259.o
 .bss           0x0000000000012e58        0x4 kernel/global.o
                0x0000000000012e58                forked_proc_cnt
 .bss           0x0000000000012e5c        0x0 kernel/protect.o
 .bss           0x0000000000012e5c        0x4 kernel/proc.o
                0x0000000000012e5c                startup_time
 .bss           0x0000000000012e60        0x0 kernel/systask.o
 .bss           0x0000000000012e60      0x64c kernel/hd.o
 .bss           0x00000000000134ac        0x0 kernel/klib.o
 .bss           0x00000000000134ac        0x0 kernel/mktime.o
 .bss           0x00000000000134ac        0x0 lib/syslog.o
 .bss           0x00000000000134ac        0x0 mm/main.o
 .bss           0x00000000000134ac        0x0 mm/forkexit.o
 .bss           0x00000000000134ac        0x0 mm/exec.o
 .bss           0x00000000000134ac        0x0 fs/main.o
 .bss           0x00000000000134ac        0x0 fs/open.o
 .bss           0x00000000000134ac        0x0 fs/misc.o
 .bss           0x00000000000134ac        0x0 fs/read_write.o
 .bss           0x00000000000134ac        0x0 fs/link.o
 .bss           0x00000000000134ac        0x0 fs/ls.o
 *fill*         0x00000000000134ac       0x14 
 .bss           0x00000000000134c0      0x208 fs/disklog.o
 .bss           0x00000000000136c8        0x0 lib/orangescrt.a(printf.o)
 .bss           0x00000000000136c8        0x0 lib/orangescrt.a(vsprintf.o)
 .bss           0x00000000000136c8        0x0 lib/orangescrt.a(misc.o)
 .bss           0x00000000000136c8        0x0 lib/orangescrt.a(open.o)
 .bss           0x00000000000136c8        0x0 lib/orangescrt.a(read.o)
 .bss           0x00000000000136c8        0x0 lib/orangescrt.a(write.o)
 .bss           0x00000000000136c8        0x0 lib/orangescrt.a(close.o)
 .bss           0x00000000000136c8        0x0 lib/orangescrt.a(getpid.o)
 .bss           0x00000000000136c8        0x0 lib/orangescrt.a(stat.o)
 .bss           0x00000000000136c8        0x0 lib/orangescrt.a(fork.o)
 .bss           0x00000000000136c8        0x0 lib/orangescrt.a(wait.o)
 .bss           0x00000000000136c8        0x0 lib/orangescrt.a(exec.o)
 *(COMMON)
 *fill*         0x00000000000136c8       0x18 
 COMMON         0x00000000000136e0    0x2a7c0 kernel/global.o
                0x00000000000136e0                idt_ptr
                0x0000000000013700                inode_table
                0x0000000000014200                task_stack
                0x0000000000038200                k_reenter
                0x0000000000038220                gdt
                0x0000000000038620                current_console
                0x0000000000038624                pcaller
                0x0000000000038640                tty_table
                0x00000000000392c0                tss
                0x0000000000039340                fs_msg
                0x0000000000039370                memory_size
                0x0000000000039380                f_desc_table
                0x0000000000039780                root_inode
                0x0000000000039784                disp_pos
                0x00000000000397a0                mm_msg
                0x00000000000397d0                key_pressed
                0x00000000000397d4                gdt_ptr
                0x00000000000397e0                idt
                0x0000000000039fe0                super_block
                0x000000000003a1c0                ticks
                0x000000000003a1e0                console_table
                0x000000000003a220                irq_table
                0x000000000003a260                p_proc_ready
                0x000000000003a280                proc_table
 COMMON         0x000000000003dea0        0x4 kernel/proc.o
                0x000000000003dea0                current
 COMMON         0x000000000003dea4       0x10 kernel/hd.o
                0x000000000003dea4                PARTITION_ENTRY
                0x000000000003deb4                . = ALIGN ((. != 0x0)?0x4:0x1)
                0x000000000003deb4                . = ALIGN (0x4)
                0x000000000003deb4                . = SEGMENT_START ("ldata-segment", .)
                0x000000000003deb4                . = ALIGN (0x4)
                0x000000000003deb4                _end = .
                [!provide]                        PROVIDE (end, .)
                0x000000000003deb4                . = DATA_SEGMENT_END (.)

.stab
 *(.stab)

.stabstr
 *(.stabstr)

.stab.excl
 *(.stab.excl)

.stab.exclstr
 *(.stab.exclstr)

.stab.index
 *(.stab.index)

.stab.indexstr
 *(.stab.indexstr)

.comment        0x0000000000000000       0x34
 *(.comment)
 .comment       0x0000000000000000       0x34 kernel/start.o
                                         0x35 (size before relaxing)
 .comment       0x0000000000000034       0x35 kernel/main.o
 .comment       0x0000000000000034       0x35 kernel/clock.o
 .comment       0x0000000000000034       0x35 kernel/keyboard.o
 .comment       0x0000000000000034       0x35 kernel/tty.o
 .comment       0x0000000000000034       0x35 kernel/console.o
 .comment       0x0000000000000034       0x35 kernel/i8259.o
 .comment       0x0000000000000034       0x35 kernel/global.o
 .comment       0x0000000000000034       0x35 kernel/protect.o
 .comment       0x0000000000000034       0x35 kernel/proc.o
 .comment       0x0000000000000034       0x35 kernel/systask.o
 .comment       0x0000000000000034       0x35 kernel/hd.o
 .comment       0x0000000000000034       0x35 kernel/klib.o
 .comment       0x0000000000000034       0x35 kernel/mktime.o
 .comment       0x0000000000000034       0x35 lib/syslog.o
 .comment       0x0000000000000034       0x35 mm/main.o
 .comment       0x0000000000000034       0x35 mm/forkexit.o
 .comment       0x0000000000000034       0x35 mm/exec.o
 .comment       0x0000000000000034       0x35 fs/main.o
 .comment       0x0000000000000034       0x35 fs/open.o
 .comment       0x0000000000000034       0x35 fs/misc.o
 .comment       0x0000000000000034       0x35 fs/read_write.o
 .comment       0x0000000000000034       0x35 fs/link.o
 .comment       0x0000000000000034       0x35 fs/ls.o
 .comment       0x0000000000000034       0x35 fs/disklog.o
 .comment       0x0000000000000034       0x35 lib/orangescrt.a(printf.o)
 .comment       0x0000000000000034       0x35 lib/orangescrt.a(vsprintf.o)
 .comment       0x0000000000000034       0x35 lib/orangescrt.a(misc.o)
 .comment       0x0000000000000034       0x35 lib/orangescrt.a(open.o)
 .comment       0x0000000000000034       0x35 lib/orangescrt.a(read.o)
 .comment       0x0000000000000034       0x35 lib/orangescrt.a(write.o)
 .comment       0x0000000000000034       0x35 lib/orangescrt.a(close.o)
 .comment       0x0000000000000034       0x35 lib/orangescrt.a(getpid.o)
 .comment       0x0000000000000034       0x35 lib/orangescrt.a(stat.o)
 .comment       0x0000000000000034       0x35 lib/orangescrt.a(fork.o)
 .comment       0x0000000000000034       0x35 lib/orangescrt.a(wait.o)
 .comment       0x0000000000000034       0x35 lib/orangescrt.a(exec.o)

.debug
 *(.debug)

.line
 *(.line)

.debug_srcinfo
 *(.debug_srcinfo)

.debug_sfnames
 *(.debug_sfnames)

.debug_aranges
 *(.debug_aranges)

.debug_pubnames
 *(.debug_pubnames)

.debug_info
 *(.debug_info .gnu.linkonce.wi.*)

.debug_abbrev
 *(.debug_abbrev)

.debug_line
 *(.debug_line .debug_line.* .debug_line_end)

.debug_frame
 *(.debug_frame)

.debug_str
 *(.debug_str)

.debug_loc
 *(.debug_loc)

.debug_macinfo
 *(.debug_macinfo)

.debug_weaknames
 *(.debug_weaknames)

.debug_funcnames
 *(.debug_funcnames)

.debug_typenames
 *(.debug_typenames)

.debug_varnames
 *(.debug_varnames)

.debug_pubtypes
 *(.debug_pubtypes)

.debug_ranges
 *(.debug_ranges)

.debug_macro
 *(.debug_macro)

.gnu.attributes
 *(.gnu.attributes)

/DISCARD/
 *(.note.GNU-stack)
 *(.gnu_debuglink)
 *(.gnu.lto_*)
OUTPUT(kernel.bin elf32-i386)
