Archive member included to satisfy reference by file (symbol)

lib/orangescrt.a(printf.o)    kernel/main.o (printf)
lib/orangescrt.a(vsprintf.o)  kernel/main.o (vsprintf)
lib/orangescrt.a(string.o)    kernel/start.o (memcpy)
lib/orangescrt.a(misc.o)      kernel/main.o (send_recv)
lib/orangescrt.a(open.o)      kernel/main.o (open)
lib/orangescrt.a(read.o)      kernel/main.o (read)
lib/orangescrt.a(write.o)     kernel/main.o (write)
lib/orangescrt.a(close.o)     kernel/main.o (close)
lib/orangescrt.a(getpid.o)    fs/disklog.o (getpid)
lib/orangescrt.a(stat.o)      mm/exec.o (stat)
lib/orangescrt.a(fork.o)      kernel/main.o (fork)
lib/orangescrt.a(wait.o)      kernel/main.o (wait)
lib/orangescrt.a(exec.o)      kernel/main.o (execv)
lib/orangescrt.a(syscall.o)   lib/orangescrt.a(misc.o) (sendrec)

Allocating common symbols
Common symbol       size              file

idt_ptr             0x6               kernel/global.o
inode_table         0xb00             kernel/global.o
task_stack          0x24000           kernel/global.o
k_reenter           0x4               kernel/global.o
gdt                 0x400             kernel/global.o
current_console     0x4               kernel/global.o
pcaller             0x4               kernel/global.o
tty_table           0xc6c             kernel/global.o
tss                 0x68              kernel/global.o
fs_msg              0x30              kernel/global.o
memory_size         0x4               kernel/global.o
f_desc_table        0x400             kernel/global.o
root_inode          0x4               kernel/global.o
current             0x4               kernel/proc.o
disp_pos            0x4               kernel/global.o
mm_msg              0x30              kernel/global.o
key_pressed         0x4               kernel/global.o
gdt_ptr             0x6               kernel/global.o
idt                 0x800             kernel/global.o
super_block         0x1e0             kernel/global.o
PARTITION_ENTRY     0x10              kernel/hd.o
ticks               0x4               kernel/global.o
console_table       0x3c              kernel/global.o
irq_table           0x40              kernel/global.o
p_proc_ready        0x4               kernel/global.o
proc_table          0x3e70            kernel/global.o

Discarded input sections

 .note.GNU-stack
                0x0000000000000000        0x0 kernel/start.o
 .note.GNU-stack
                0x0000000000000000        0x0 kernel/main.o
 .note.GNU-stack
                0x0000000000000000        0x0 kernel/clock.o
 .note.GNU-stack
                0x0000000000000000        0x0 kernel/keyboard.o
 .note.GNU-stack
                0x0000000000000000        0x0 kernel/tty.o
 .note.GNU-stack
                0x0000000000000000        0x0 kernel/console.o
 .note.GNU-stack
                0x0000000000000000        0x0 kernel/i8259.o
 .note.GNU-stack
                0x0000000000000000        0x0 kernel/global.o
 .note.GNU-stack
                0x0000000000000000        0x0 kernel/protect.o
 .note.GNU-stack
                0x0000000000000000        0x0 kernel/proc.o
 .note.GNU-stack
                0x0000000000000000        0x0 kernel/systask.o
 .note.GNU-stack
                0x0000000000000000        0x0 kernel/hd.o
 .note.GNU-stack
                0x0000000000000000        0x0 kernel/klib.o
 .note.GNU-stack
                0x0000000000000000        0x0 kernel/mktime.o
 .note.GNU-stack
                0x0000000000000000        0x0 lib/syslog.o
 .note.GNU-stack
                0x0000000000000000        0x0 mm/main.o
 .note.GNU-stack
                0x0000000000000000        0x0 mm/forkexit.o
 .note.GNU-stack
                0x0000000000000000        0x0 mm/exec.o
 .note.GNU-stack
                0x0000000000000000        0x0 fs/main.o
 .note.GNU-stack
                0x0000000000000000        0x0 fs/open.o
 .note.GNU-stack
                0x0000000000000000        0x0 fs/misc.o
 .note.GNU-stack
                0x0000000000000000        0x0 fs/read_write.o
 .note.GNU-stack
                0x0000000000000000        0x0 fs/link.o
 .note.GNU-stack
                0x0000000000000000        0x0 fs/ls.o
 .note.GNU-stack
                0x0000000000000000        0x0 fs/disklog.o
 .note.GNU-stack
                0x0000000000000000        0x0 command/hello.o
 .note.GNU-stack
                0x0000000000000000        0x0 lib/orangescrt.a(printf.o)
 .note.GNU-stack
                0x0000000000000000        0x0 lib/orangescrt.a(vsprintf.o)
 .note.GNU-stack
                0x0000000000000000        0x0 lib/orangescrt.a(misc.o)
 .note.GNU-stack
                0x0000000000000000        0x0 lib/orangescrt.a(open.o)
 .note.GNU-stack
                0x0000000000000000        0x0 lib/orangescrt.a(read.o)
 .note.GNU-stack
                0x0000000000000000        0x0 lib/orangescrt.a(write.o)
 .note.GNU-stack
                0x0000000000000000        0x0 lib/orangescrt.a(close.o)
 .note.GNU-stack
                0x0000000000000000        0x0 lib/orangescrt.a(getpid.o)
 .note.GNU-stack
                0x0000000000000000        0x0 lib/orangescrt.a(stat.o)
 .note.GNU-stack
                0x0000000000000000        0x0 lib/orangescrt.a(fork.o)
 .note.GNU-stack
                0x0000000000000000        0x0 lib/orangescrt.a(wait.o)
 .note.GNU-stack
                0x0000000000000000        0x0 lib/orangescrt.a(exec.o)

Memory Configuration

Name             Origin             Length             Attributes
*default*        0x0000000000000000 0xffffffffffffffff

Linker script and memory map

Address of section .text set to 0x1000
LOAD kernel/kernel.o
LOAD kernel/start.o
LOAD kernel/main.o
LOAD kernel/clock.o
LOAD kernel/keyboard.o
LOAD kernel/tty.o
LOAD kernel/console.o
LOAD kernel/i8259.o
LOAD kernel/global.o
LOAD kernel/protect.o
LOAD kernel/proc.o
LOAD kernel/systask.o
LOAD kernel/hd.o
LOAD kernel/kliba.o
LOAD kernel/klib.o
LOAD kernel/mktime.o
LOAD lib/syslog.o
LOAD mm/main.o
LOAD mm/forkexit.o
LOAD mm/exec.o
LOAD fs/main.o
LOAD fs/open.o
LOAD fs/misc.o
LOAD fs/read_write.o
LOAD fs/link.o
LOAD fs/ls.o
LOAD fs/disklog.o
LOAD command/hello.o
LOAD lib/orangescrt.a
                [!provide]                        PROVIDE (__executable_start, 0x8048000)
                0x0000000008048094                . = (0x8048000 + SIZEOF_HEADERS)

.interp
 *(.interp)

.note.gnu.build-id
 *(.note.gnu.build-id)

.hash
 *(.hash)

.gnu.hash
 *(.gnu.hash)

.dynsym
 *(.dynsym)

.dynstr
 *(.dynstr)

.gnu.version
 *(.gnu.version)

.gnu.version_d
 *(.gnu.version_d)

.gnu.version_r
 *(.gnu.version_r)

.rel.dyn        0x0000000008048094        0x0
 *(.rel.init)
 *(.rel.text .rel.text.* .rel.gnu.linkonce.t.*)
 .rel.text      0x0000000008048094        0x0 kernel/kernel.o
 *(.rel.fini)
 *(.rel.rodata .rel.rodata.* .rel.gnu.linkonce.r.*)
 *(.rel.data.rel.ro .rel.data.rel.ro.* .rel.gnu.linkonce.d.rel.ro.*)
 *(.rel.data .rel.data.* .rel.gnu.linkonce.d.*)
 .rel.data      0x0000000008048094        0x0 kernel/kernel.o
 *(.rel.tdata .rel.tdata.* .rel.gnu.linkonce.td.*)
 *(.rel.tbss .rel.tbss.* .rel.gnu.linkonce.tb.*)
 *(.rel.ctors)
 *(.rel.dtors)
 *(.rel.got)
 *(.rel.bss .rel.bss.* .rel.gnu.linkonce.b.*)
 *(.rel.ifunc)

.rel.plt        0x0000000008048094        0x0
 *(.rel.plt)
                [!provide]                        PROVIDE (__rel_iplt_start, .)
 *(.rel.iplt)
 .rel.iplt      0x0000000008048094        0x0 kernel/kernel.o
                [!provide]                        PROVIDE (__rel_iplt_end, .)

.init
 *(SORT(.init))

.plt            0x00000000080480a0        0x0
 *(.plt)
 *(.iplt)
 .iplt          0x00000000080480a0        0x0 kernel/kernel.o

.plt.got
 *(.plt.got)

.text           0x0000000000001000     0xc9a8
 *(.text.unlikely .text.*_unlikely .text.unlikely.*)
 *(.text.exit .text.exit.*)
 *(.text.startup .text.startup.*)
 *(.text.hot .text.hot.*)
 *(.text .stub .text.* .gnu.linkonce.t.*)
 .text          0x0000000000001000      0x410 kernel/kernel.o
                0x0000000000001000                _start
                0x0000000000001040                hwint00
                0x0000000000001070                hwint01
                0x00000000000010a0                hwint02
                0x00000000000010d0                hwint03
                0x0000000000001100                hwint04
                0x0000000000001130                hwint05
                0x0000000000001160                hwint06
                0x0000000000001190                hwint07
                0x00000000000011c0                hwint08
                0x00000000000011f0                hwint09
                0x0000000000001220                hwint10
                0x0000000000001250                hwint11
                0x0000000000001280                hwint12
                0x00000000000012b0                hwint13
                0x00000000000012e0                hwint14
                0x0000000000001310                hwint15
                0x0000000000001334                divide_error
                0x000000000000133a                single_step_exception
                0x0000000000001340                nmi
                0x0000000000001346                breakpoint_exception
                0x000000000000134c                overflow
                0x0000000000001352                bounds_check
                0x0000000000001358                inval_opcode
                0x000000000000135e                copr_not_available
                0x0000000000001364                double_fault
                0x0000000000001368                copr_seg_overrun
                0x000000000000136e                inval_tss
                0x0000000000001372                segment_not_present
                0x0000000000001376                stack_exception
                0x000000000000137a                general_protection
                0x000000000000137e                page_fault
                0x0000000000001382                copr_error
                0x00000000000013cb                sys_call
                0x00000000000013eb                restart
 .text          0x0000000000001410       0x85 kernel/start.o
                0x0000000000001410                cstart
 .text          0x0000000000001495     0x1137 kernel/main.o
                0x0000000000001495                insw
                0x00000000000016be                kernel_main
                0x0000000000001714                init_process
                0x0000000000001a4f                disp_start_timel
                0x0000000000001cc9                get_time_RTC
                0x0000000000001d1c                get_ticks
                0x0000000000001d50                show_proc_info
                0x0000000000001f2f                untar
                0x00000000000020d3                shabby_shell
                0x0000000000002174                shell_routine
                0x00000000000023f8                Init
                0x0000000000002574                TestA
                0x0000000000002579                TestB
                0x000000000000257e                TestC
                0x0000000000002583                panic
 .text          0x00000000000025cc      0x1c8 kernel/clock.o
                0x00000000000025cc                clock_handler
                0x0000000000002702                milli_delay
                0x000000000000273c                init_clock
 .text          0x0000000000002794      0x6da kernel/keyboard.o
                0x0000000000002794                keyboard_handler
                0x00000000000027fe                init_keyboard
                0x00000000000028ad                keyboard_read
 .text          0x0000000000002e6e      0xa4a kernel/tty.o
                0x0000000000002e6e                task_tty
                0x000000000000305f                in_process
                0x00000000000035b8                sys_printx
                0x0000000000003757                dump_tty_buf
 .text          0x00000000000038b8      0x7d7 kernel/console.o
                0x00000000000038b8                init_screen
                0x0000000000003a2c                out_char
                0x0000000000003ccf                clear_screen
                0x0000000000003d09                is_current_console
                0x0000000000003d2c                set_cursor
                0x0000000000003d94                set_video_start_addr
                0x0000000000003dfc                select_console
                0x0000000000003e3c                scroll_screen
                0x0000000000004020                flush
 .text          0x000000000000408f      0x130 kernel/i8259.o
                0x000000000000408f                init_8259A
                0x0000000000004164                spurious_irq
                0x000000000000419b                put_irq_handler
 .text          0x00000000000041bf        0x0 kernel/global.o
 .text          0x00000000000041bf      0x65f kernel/protect.o
                0x00000000000041bf                init_prot
                0x0000000000004627                seg2linear
                0x0000000000004676                init_desc
                0x00000000000046e3                exception_handler
 .text          0x000000000000481e     0x16f2 kernel/proc.o
                0x000000000000481e                schedule
                0x000000000000490b                sys_sendrec
                0x0000000000004a2b                ldt_seg_linear
                0x0000000000004a75                va2la
                0x0000000000004ad6                set_statue
                0x0000000000004ae8                reset_msg
                0x0000000000004b2e                block_current
                0x0000000000004b4e                unblock_current
                0x000000000000590c                proc_block
                0x000000000000592a                proc_restore
                0x0000000000005948                inform_int
                0x0000000000005ac4                dump_proc
                0x0000000000005e03                dump_msg
 .text          0x0000000000005f10      0x2bc kernel/systask.o
                0x0000000000005f10                task_sys
 .text          0x00000000000061cc      0xcbe kernel/hd.o
                0x00000000000061cc                task_hd
                0x0000000000006e5f                hd_handler
 *fill*         0x0000000000006e8a        0x6 
 .text          0x0000000000006e90      0x19a kernel/kliba.o
                0x0000000000006e90                disp_str
                0x0000000000006ece                disp_color_str
                0x0000000000006f0d                out_byte
                0x0000000000006f19                in_byte
                0x0000000000006f23                port_read
                0x0000000000006f36                port_write
                0x0000000000006f49                disable_irq
                0x0000000000006f7e                enable_irq
                0x0000000000006f9d                disable_int
                0x0000000000006f9f                enable_int
                0x0000000000006fa1                glitter
 .text          0x000000000000702a      0x3d3 kernel/klib.o
                0x000000000000702a                get_boot_params
                0x00000000000070b0                get_kernel_map
                0x00000000000071c0                MyItoa
                0x00000000000072e2                itoa
                0x000000000000738d                disp_int
                0x00000000000073b6                delay
 .text          0x00000000000073fd       0xa9 kernel/mktime.o
                0x00000000000073fd                kernel_mktime
 .text          0x00000000000074a6       0x6f lib/syslog.o
                0x00000000000074a6                syslog
 .text          0x0000000000007515      0x1bc mm/main.o
                0x0000000000007515                task_mm
                0x000000000000764c                alloc_mem
                0x00000000000076c7                free_mem
 .text          0x00000000000076d1      0x5f0 mm/forkexit.o
                0x00000000000076d1                do_fork
                0x0000000000007a35                do_exit
                0x0000000000007c0b                do_wait
 .text          0x0000000000007cc1      0x356 mm/exec.o
                0x0000000000007cc1                do_exec
 .text          0x0000000000008017     0x1004 fs/main.o
                0x0000000000008017                task_fs
                0x0000000000008a00                rw_sector
                0x0000000000008c23                get_super_block
                0x0000000000008c69                get_inode
                0x0000000000008dcc                put_inode
                0x0000000000008e0a                sync_inode
 .text          0x000000000000901b      0xaa6 fs/open.o
                0x000000000000901b                do_open
                0x000000000000945d                do_close
                0x00000000000094d8                do_lseek
 .text          0x0000000000009ac1      0x3b2 fs/misc.o
                0x0000000000009ac1                do_stat
                0x0000000000009c92                search_file
                0x0000000000009de8                strip_path
 .text          0x0000000000009e73      0x49a fs/read_write.o
                0x0000000000009e73                do_rdwt
 .text          0x000000000000a30d      0x808 fs/link.o
                0x000000000000a30d                do_unlink
 .text          0x000000000000ab15      0x12c fs/ls.o
                0x000000000000ab15                do_ls
 .text          0x000000000000ac41     0x1fbb fs/disklog.o
                0x000000000000ac41                disklog
                0x000000000000b1ae                dump_fd_graph
 .text          0x000000000000cbfc      0x281 command/hello.o
                0x000000000000cbfc                print_hello
                0x000000000000cd63                printDiamond
 .text          0x000000000000ce7d       0xad lib/orangescrt.a(printf.o)
                0x000000000000ce7d                printf
                0x000000000000cee8                printl
 .text          0x000000000000cf2a      0x305 lib/orangescrt.a(vsprintf.o)
                0x000000000000cf88                vsprintf
                0x000000000000d209                sprintf
 *fill*         0x000000000000d22f        0x1 
 .text          0x000000000000d230       0x78 lib/orangescrt.a(string.o)
                0x000000000000d230                memcpy
                0x000000000000d259                memset
                0x000000000000d27a                strcpy
                0x000000000000d292                strlen
 .text          0x000000000000d2a8      0x256 lib/orangescrt.a(misc.o)
                0x000000000000d2a8                send_recv
                0x000000000000d362                memcmp
                0x000000000000d3d8                strcmp
                0x000000000000d44b                strcat
                0x000000000000d4aa                spin
                0x000000000000d4c5                assertion_failure
 .text          0x000000000000d4fe       0x63 lib/orangescrt.a(open.o)
                0x000000000000d4fe                open
 .text          0x000000000000d561       0x37 lib/orangescrt.a(read.o)
                0x000000000000d561                read
 .text          0x000000000000d598       0x37 lib/orangescrt.a(write.o)
                0x000000000000d598                write
 .text          0x000000000000d5cf       0x2b lib/orangescrt.a(close.o)
                0x000000000000d5cf                close
 .text          0x000000000000d5fa       0x46 lib/orangescrt.a(getpid.o)
                0x000000000000d5fa                getpid
 .text          0x000000000000d640       0x63 lib/orangescrt.a(stat.o)
                0x000000000000d640                stat
 .text          0x000000000000d6a3       0x66 lib/orangescrt.a(fork.o)
                0x000000000000d6a3                fork
 .text          0x000000000000d709       0x3c lib/orangescrt.a(wait.o)
                0x000000000000d709                wait
 .text          0x000000000000d745      0x237 lib/orangescrt.a(exec.o)
                0x000000000000d745                exec
                0x000000000000d7b0                execl
                0x000000000000d7d5                execv
 *fill*         0x000000000000d97c        0x4 
 .text          0x000000000000d980       0x28 lib/orangescrt.a(syscall.o)
                0x000000000000d980                sendrec
                0x000000000000d99a                printx
 *(.gnu.warning)

.fini
 *(SORT(.fini))
                [!provide]                        PROVIDE (__etext, .)
                [!provide]                        PROVIDE (_etext, .)
                [!provide]                        PROVIDE (etext, .)

.rodata         0x000000000000d9c0     0x26a3
 *(.rodata .rodata.* .gnu.linkonce.r.*)
 .rodata        0x000000000000d9c0        0x7 kernel/start.o
 *fill*         0x000000000000d9c7        0x1 
 .rodata        0x000000000000d9c8      0x3d4 kernel/main.o
 .rodata        0x000000000000dd9c       0x64 kernel/keyboard.o
 .rodata        0x000000000000de00      0x168 kernel/tty.o
 .rodata        0x000000000000df68       0x5b kernel/console.o
 .rodata        0x000000000000dfc3       0x11 kernel/i8259.o
 .rodata        0x000000000000dfd4       0x10 kernel/global.o
                0x000000000000dfd4                FSBUF_SIZE
                0x000000000000dfd8                MMBUF_SIZE
                0x000000000000dfdc                LOGBUF_SIZE
                0x000000000000dfe0                LOGDISKBUF_SIZE
 *fill*         0x000000000000dfe4       0x1c 
 .rodata        0x000000000000e000      0x580 kernel/protect.o
 .rodata        0x000000000000e580      0x5d2 kernel/proc.o
                0x000000000000e580                MAX_INT
 .rodata        0x000000000000eb52       0x11 kernel/systask.o
 *fill*         0x000000000000eb63        0x1 
 .rodata        0x000000000000eb64      0x10f kernel/hd.o
 *fill*         0x000000000000ec73        0x1 
 .rodata        0x000000000000ec74       0x6a kernel/klib.o
 .rodata        0x000000000000ecde       0x1e lib/syslog.o
 .rodata        0x000000000000ecfc       0xb1 mm/main.o
 *fill*         0x000000000000edad        0x3 
 .rodata        0x000000000000edb0       0xe7 mm/forkexit.o
 *fill*         0x000000000000ee97        0x1 
 .rodata        0x000000000000ee98       0xa4 mm/exec.o
 .rodata        0x000000000000ef3c      0x222 fs/main.o
 *fill*         0x000000000000f15e        0x2 
 .rodata        0x000000000000f160      0x13c fs/open.o
 .rodata        0x000000000000f29c       0x60 fs/misc.o
 .rodata        0x000000000000f2fc      0x164 fs/read_write.o
 .rodata        0x000000000000f460      0x1ad fs/link.o
 .rodata        0x000000000000f60d       0x4a fs/ls.o
 *fill*         0x000000000000f657        0x1 
 .rodata        0x000000000000f658      0x806 fs/disklog.o
 .rodata        0x000000000000fe5e       0x1d command/hello.o
 .rodata        0x000000000000fe7b       0x14 lib/orangescrt.a(printf.o)
 *fill*         0x000000000000fe8f        0x1 
 .rodata        0x000000000000fe90       0xad lib/orangescrt.a(misc.o)
 .rodata        0x000000000000ff3d       0x23 lib/orangescrt.a(open.o)
 .rodata        0x000000000000ff60       0x25 lib/orangescrt.a(getpid.o)
 .rodata        0x000000000000ff85       0x23 lib/orangescrt.a(stat.o)
 .rodata        0x000000000000ffa8       0x33 lib/orangescrt.a(fork.o)
 *fill*         0x000000000000ffdb        0x1 
 .rodata        0x000000000000ffdc       0x87 lib/orangescrt.a(exec.o)

.rodata1
 *(.rodata1)

.eh_frame_hdr
 *(.eh_frame_hdr)
 *(.eh_frame_entry .eh_frame_entry.*)

.eh_frame       0x0000000000010064     0x14ac
 *(.eh_frame)
 .eh_frame      0x0000000000010064       0x38 kernel/start.o
 .eh_frame      0x000000000001009c      0x1f8 kernel/main.o
                                        0x210 (size before relaxing)
 .eh_frame      0x0000000000010294       0x6c kernel/clock.o
                                         0x84 (size before relaxing)
 .eh_frame      0x0000000000010300       0xe0 kernel/keyboard.o
                                         0xf8 (size before relaxing)
 .eh_frame      0x00000000000103e0      0x13c kernel/tty.o
                                        0x154 (size before relaxing)
 .eh_frame      0x000000000001051c      0x144 kernel/console.o
                                        0x15c (size before relaxing)
 .eh_frame      0x0000000000010660       0x60 kernel/i8259.o
                                         0x78 (size before relaxing)
 .eh_frame      0x00000000000106c0       0xb0 kernel/protect.o
                                         0xc8 (size before relaxing)
 .eh_frame      0x0000000000010770      0x258 kernel/proc.o
                                        0x270 (size before relaxing)
 .eh_frame      0x00000000000109c8       0x5c kernel/systask.o
                                         0x74 (size before relaxing)
 .eh_frame      0x0000000000010a24      0x1e8 kernel/hd.o
                                        0x200 (size before relaxing)
 .eh_frame      0x0000000000010c0c       0xc0 kernel/klib.o
                                         0xd8 (size before relaxing)
 .eh_frame      0x0000000000010ccc       0x20 kernel/mktime.o
                                         0x38 (size before relaxing)
 .eh_frame      0x0000000000010cec       0x20 lib/syslog.o
                                         0x38 (size before relaxing)
 .eh_frame      0x0000000000010d0c       0x7c mm/main.o
                                         0x94 (size before relaxing)
 .eh_frame      0x0000000000010d88       0x90 mm/forkexit.o
                                         0xa8 (size before relaxing)
 .eh_frame      0x0000000000010e18       0x2c mm/exec.o
                                         0x44 (size before relaxing)
 .eh_frame      0x0000000000010e44      0x16c fs/main.o
                                        0x184 (size before relaxing)
 .eh_frame      0x0000000000010fb0      0x120 fs/open.o
                                        0x138 (size before relaxing)
 .eh_frame      0x00000000000110d0       0x68 fs/misc.o
                                         0x80 (size before relaxing)
 .eh_frame      0x0000000000011138       0x2c fs/read_write.o
                                         0x44 (size before relaxing)
 .eh_frame      0x0000000000011164       0x2c fs/link.o
                                         0x44 (size before relaxing)
 .eh_frame      0x0000000000011190       0x24 fs/ls.o
                                         0x3c (size before relaxing)
 .eh_frame      0x00000000000111b4       0x60 fs/disklog.o
                                         0x78 (size before relaxing)
 .eh_frame      0x0000000000011214       0x40 command/hello.o
                                         0x58 (size before relaxing)
 .eh_frame      0x0000000000011254       0x40 lib/orangescrt.a(printf.o)
                                         0x58 (size before relaxing)
 .eh_frame      0x0000000000011294       0x60 lib/orangescrt.a(vsprintf.o)
                                         0x78 (size before relaxing)
 .eh_frame      0x00000000000112f4       0xbc lib/orangescrt.a(misc.o)
                                         0xd4 (size before relaxing)
 .eh_frame      0x00000000000113b0       0x20 lib/orangescrt.a(open.o)
                                         0x38 (size before relaxing)
 .eh_frame      0x00000000000113d0       0x20 lib/orangescrt.a(read.o)
                                         0x38 (size before relaxing)
 .eh_frame      0x00000000000113f0       0x20 lib/orangescrt.a(write.o)
                                         0x38 (size before relaxing)
 .eh_frame      0x0000000000011410       0x20 lib/orangescrt.a(close.o)
                                         0x38 (size before relaxing)
 .eh_frame      0x0000000000011430       0x20 lib/orangescrt.a(getpid.o)
                                         0x38 (size before relaxing)
 .eh_frame      0x0000000000011450       0x20 lib/orangescrt.a(stat.o)
                                         0x38 (size before relaxing)
 .eh_frame      0x0000000000011470       0x20 lib/orangescrt.a(fork.o)
                                         0x38 (size before relaxing)
 .eh_frame      0x0000000000011490       0x20 lib/orangescrt.a(wait.o)
                                         0x38 (size before relaxing)
 .eh_frame      0x00000000000114b0       0x60 lib/orangescrt.a(exec.o)
                                         0x78 (size before relaxing)
 *(.eh_frame.*)

.gcc_except_table
 *(.gcc_except_table .gcc_except_table.*)

.gnu_extab
 *(.gnu_extab*)

.exception_ranges
 *(.exception_ranges .exception_ranges*)
                0x0000000000012510                . = DATA_SEGMENT_ALIGN (0x1000, 0x1000)

.eh_frame
 *(.eh_frame)
 *(.eh_frame.*)

.gnu_extab
 *(.gnu_extab)

.gcc_except_table
 *(.gcc_except_table .gcc_except_table.*)

.exception_ranges
 *(.exception_ranges .exception_ranges*)

.tdata
 *(.tdata .tdata.* .gnu.linkonce.td.*)

.tbss
 *(.tbss .tbss.* .gnu.linkonce.tb.*)
 *(.tcommon)

.preinit_array  0x0000000000012510        0x0
                [!provide]                        PROVIDE (__preinit_array_start, .)
 *(.preinit_array)
                [!provide]                        PROVIDE (__preinit_array_end, .)

.init_array     0x0000000000012510        0x0
                [!provide]                        PROVIDE (__init_array_start, .)
 *(SORT(.init_array.*) SORT(.ctors.*))
 *(.init_array EXCLUDE_FILE(*crtend?.o *crtend.o *crtbegin?.o *crtbegin.o) .ctors)
                [!provide]                        PROVIDE (__init_array_end, .)

.fini_array     0x0000000000012510        0x0
                [!provide]                        PROVIDE (__fini_array_start, .)
 *(SORT(.fini_array.*) SORT(.dtors.*))
 *(.fini_array EXCLUDE_FILE(*crtend?.o *crtend.o *crtbegin?.o *crtbegin.o) .dtors)
                [!provide]                        PROVIDE (__fini_array_end, .)

.ctors
 *crtbegin.o(.ctors)
 *crtbegin?.o(.ctors)
 *(EXCLUDE_FILE(*crtend?.o *crtend.o) .ctors)
 *(SORT(.ctors.*))
 *(.ctors)

.dtors
 *crtbegin.o(.dtors)
 *crtbegin?.o(.dtors)
 *(EXCLUDE_FILE(*crtend?.o *crtend.o) .dtors)
 *(SORT(.dtors.*))
 *(.dtors)

.jcr
 *(.jcr)

.data.rel.ro
 *(.data.rel.ro.local* .gnu.linkonce.d.rel.ro.local.*)
 *(.data.rel.ro .data.rel.ro.* .gnu.linkonce.d.rel.ro.*)

.dynamic
 *(.dynamic)

.got
 *(.got)
 *(.igot)
                0x0000000000012510                . = DATA_SEGMENT_RELRO_END (., (SIZEOF (.got.plt) >= 0xc)?0xc:0x0)

.got.plt        0x0000000000012510        0x0
 *(.got.plt)
 *(.igot.plt)
 .igot.plt      0x0000000000012510        0x0 kernel/kernel.o

.data           0x0000000000012520      0x870
 *(.data .data.* .gnu.linkonce.d.*)
 .data          0x0000000000012520        0x2 kernel/kernel.o
 .data          0x0000000000012522        0x0 kernel/start.o
 .data          0x0000000000012522        0x0 kernel/main.o
 .data          0x0000000000012522        0x0 kernel/clock.o
 *fill*         0x0000000000012522       0x1e 
 .data          0x0000000000012540      0x600 kernel/keyboard.o
                0x0000000000012540                keymap
 .data          0x0000000000012b40       0x22 kernel/tty.o
 .data          0x0000000000012b62        0x0 kernel/console.o
 .data          0x0000000000012b62        0x0 kernel/i8259.o
 *fill*         0x0000000000012b62       0x1e 
 .data          0x0000000000012b80      0x1c4 kernel/global.o
                0x0000000000012b80                task_table
                0x0000000000012c60                user_proc_table
                0x0000000000012d00                sys_call_table
                0x0000000000012d0c                dd_map
                0x0000000000012d24                fsbuf
                0x0000000000012d28                mmbuf
                0x0000000000012d2c                logbuf
                0x0000000000012d30                logdiskbuf
                0x0000000000012d34                sysctl_sched_min_granularity
                0x0000000000012d38                sysctl_sched_latency
                0x0000000000012d3c                default_proc_load
                0x0000000000012d40                default_vruntime
 .data          0x0000000000012d44        0x0 kernel/protect.o
 .data          0x0000000000012d44        0x0 kernel/proc.o
 .data          0x0000000000012d44        0x0 kernel/systask.o
 .data          0x0000000000012d44        0x0 kernel/hd.o
 .data          0x0000000000012d44        0x0 kernel/klib.o
 *fill*         0x0000000000012d44       0x1c 
 .data          0x0000000000012d60       0x30 kernel/mktime.o
 .data          0x0000000000012d90        0x0 lib/syslog.o
 .data          0x0000000000012d90        0x0 mm/main.o
 .data          0x0000000000012d90        0x0 mm/forkexit.o
 .data          0x0000000000012d90        0x0 mm/exec.o
 .data          0x0000000000012d90        0x0 fs/main.o
 .data          0x0000000000012d90        0x0 fs/open.o
 .data          0x0000000000012d90        0x0 fs/misc.o
 .data          0x0000000000012d90        0x0 fs/read_write.o
 .data          0x0000000000012d90        0x0 fs/link.o
 .data          0x0000000000012d90        0x0 fs/ls.o
 .data          0x0000000000012d90        0x0 fs/disklog.o
 .data          0x0000000000012d90        0x0 command/hello.o
 .data          0x0000000000012d90        0x0 lib/orangescrt.a(printf.o)
 .data          0x0000000000012d90        0x0 lib/orangescrt.a(vsprintf.o)
 .data          0x0000000000012d90        0x0 lib/orangescrt.a(misc.o)
 .data          0x0000000000012d90        0x0 lib/orangescrt.a(open.o)
 .data          0x0000000000012d90        0x0 lib/orangescrt.a(read.o)
 .data          0x0000000000012d90        0x0 lib/orangescrt.a(write.o)
 .data          0x0000000000012d90        0x0 lib/orangescrt.a(close.o)
 .data          0x0000000000012d90        0x0 lib/orangescrt.a(getpid.o)
 .data          0x0000000000012d90        0x0 lib/orangescrt.a(stat.o)
 .data          0x0000000000012d90        0x0 lib/orangescrt.a(fork.o)
 .data          0x0000000000012d90        0x0 lib/orangescrt.a(wait.o)
 .data          0x0000000000012d90        0x0 lib/orangescrt.a(exec.o)

.data1
 *(.data1)
                0x0000000000012d90                _edata = .
                [!provide]                        PROVIDE (edata, .)
                0x0000000000012d90                . = .
                0x0000000000012d90                __bss_start = .

.bss            0x0000000000012da0    0x2bb04
 *(.dynbss)
 *(.bss .bss.* .gnu.linkonce.b.*)
 .bss           0x0000000000012da0      0x800 kernel/kernel.o
 .bss           0x00000000000135a0        0x0 kernel/start.o
 .bss           0x00000000000135a0        0x0 kernel/main.o
 .bss           0x00000000000135a0        0x0 kernel/clock.o
 .bss           0x00000000000135a0       0x58 kernel/keyboard.o
 .bss           0x00000000000135f8        0x0 kernel/tty.o
 .bss           0x00000000000135f8        0x0 kernel/console.o
 .bss           0x00000000000135f8        0x0 kernel/i8259.o
 .bss           0x00000000000135f8        0x4 kernel/global.o
                0x00000000000135f8                forked_proc_cnt
 .bss           0x00000000000135fc        0x0 kernel/protect.o
 .bss           0x00000000000135fc        0x4 kernel/proc.o
                0x00000000000135fc                startup_time
 .bss           0x0000000000013600        0x0 kernel/systask.o
 .bss           0x0000000000013600      0x64c kernel/hd.o
 .bss           0x0000000000013c4c        0x0 kernel/klib.o
 .bss           0x0000000000013c4c        0x0 kernel/mktime.o
 .bss           0x0000000000013c4c        0x0 lib/syslog.o
 .bss           0x0000000000013c4c        0x0 mm/main.o
 .bss           0x0000000000013c4c        0x0 mm/forkexit.o
 .bss           0x0000000000013c4c        0x0 mm/exec.o
 .bss           0x0000000000013c4c        0x0 fs/main.o
 .bss           0x0000000000013c4c        0x0 fs/open.o
 .bss           0x0000000000013c4c        0x0 fs/misc.o
 .bss           0x0000000000013c4c        0x0 fs/read_write.o
 .bss           0x0000000000013c4c        0x0 fs/link.o
 .bss           0x0000000000013c4c        0x0 fs/ls.o
 *fill*         0x0000000000013c4c       0x14 
 .bss           0x0000000000013c60      0x208 fs/disklog.o
 .bss           0x0000000000013e68        0x0 command/hello.o
 .bss           0x0000000000013e68        0x0 lib/orangescrt.a(printf.o)
 .bss           0x0000000000013e68        0x0 lib/orangescrt.a(vsprintf.o)
 .bss           0x0000000000013e68        0x0 lib/orangescrt.a(misc.o)
 .bss           0x0000000000013e68        0x0 lib/orangescrt.a(open.o)
 .bss           0x0000000000013e68        0x0 lib/orangescrt.a(read.o)
 .bss           0x0000000000013e68        0x0 lib/orangescrt.a(write.o)
 .bss           0x0000000000013e68        0x0 lib/orangescrt.a(close.o)
 .bss           0x0000000000013e68        0x0 lib/orangescrt.a(getpid.o)
 .bss           0x0000000000013e68        0x0 lib/orangescrt.a(stat.o)
 .bss           0x0000000000013e68        0x0 lib/orangescrt.a(fork.o)
 .bss           0x0000000000013e68        0x0 lib/orangescrt.a(wait.o)
 .bss           0x0000000000013e68        0x0 lib/orangescrt.a(exec.o)
 *(COMMON)
 *fill*         0x0000000000013e68       0x18 
 COMMON         0x0000000000013e80    0x2aa10 kernel/global.o
                0x0000000000013e80                idt_ptr
                0x0000000000013ea0                inode_table
                0x00000000000149a0                task_stack
                0x00000000000389a0                k_reenter
                0x00000000000389c0                gdt
                0x0000000000038dc0                current_console
                0x0000000000038dc4                pcaller
                0x0000000000038de0                tty_table
                0x0000000000039a60                tss
                0x0000000000039ae0                fs_msg
                0x0000000000039b10                memory_size
                0x0000000000039b20                f_desc_table
                0x0000000000039f20                root_inode
                0x0000000000039f24                disp_pos
                0x0000000000039f40                mm_msg
                0x0000000000039f70                key_pressed
                0x0000000000039f74                gdt_ptr
                0x0000000000039f80                idt
                0x000000000003a780                super_block
                0x000000000003a960                ticks
                0x000000000003a980                console_table
                0x000000000003a9c0                irq_table
                0x000000000003aa00                p_proc_ready
                0x000000000003aa20                proc_table
 COMMON         0x000000000003e890        0x4 kernel/proc.o
                0x000000000003e890                current
 COMMON         0x000000000003e894       0x10 kernel/hd.o
                0x000000000003e894                PARTITION_ENTRY
                0x000000000003e8a4                . = ALIGN ((. != 0x0)?0x4:0x1)
                0x000000000003e8a4                . = ALIGN (0x4)
                0x000000000003e8a4                . = SEGMENT_START ("ldata-segment", .)
                0x000000000003e8a4                . = ALIGN (0x4)
                0x000000000003e8a4                _end = .
                [!provide]                        PROVIDE (end, .)
                0x000000000003e8a4                . = DATA_SEGMENT_END (.)

.stab
 *(.stab)

.stabstr
 *(.stabstr)

.stab.excl
 *(.stab.excl)

.stab.exclstr
 *(.stab.exclstr)

.stab.index
 *(.stab.index)

.stab.indexstr
 *(.stab.indexstr)

.comment        0x0000000000000000       0x34
 *(.comment)
 .comment       0x0000000000000000       0x34 kernel/start.o
                                         0x35 (size before relaxing)
 .comment       0x0000000000000034       0x35 kernel/main.o
 .comment       0x0000000000000034       0x35 kernel/clock.o
 .comment       0x0000000000000034       0x35 kernel/keyboard.o
 .comment       0x0000000000000034       0x35 kernel/tty.o
 .comment       0x0000000000000034       0x35 kernel/console.o
 .comment       0x0000000000000034       0x35 kernel/i8259.o
 .comment       0x0000000000000034       0x35 kernel/global.o
 .comment       0x0000000000000034       0x35 kernel/protect.o
 .comment       0x0000000000000034       0x35 kernel/proc.o
 .comment       0x0000000000000034       0x35 kernel/systask.o
 .comment       0x0000000000000034       0x35 kernel/hd.o
 .comment       0x0000000000000034       0x35 kernel/klib.o
 .comment       0x0000000000000034       0x35 kernel/mktime.o
 .comment       0x0000000000000034       0x35 lib/syslog.o
 .comment       0x0000000000000034       0x35 mm/main.o
 .comment       0x0000000000000034       0x35 mm/forkexit.o
 .comment       0x0000000000000034       0x35 mm/exec.o
 .comment       0x0000000000000034       0x35 fs/main.o
 .comment       0x0000000000000034       0x35 fs/open.o
 .comment       0x0000000000000034       0x35 fs/misc.o
 .comment       0x0000000000000034       0x35 fs/read_write.o
 .comment       0x0000000000000034       0x35 fs/link.o
 .comment       0x0000000000000034       0x35 fs/ls.o
 .comment       0x0000000000000034       0x35 fs/disklog.o
 .comment       0x0000000000000034       0x35 command/hello.o
 .comment       0x0000000000000034       0x35 lib/orangescrt.a(printf.o)
 .comment       0x0000000000000034       0x35 lib/orangescrt.a(vsprintf.o)
 .comment       0x0000000000000034       0x35 lib/orangescrt.a(misc.o)
 .comment       0x0000000000000034       0x35 lib/orangescrt.a(open.o)
 .comment       0x0000000000000034       0x35 lib/orangescrt.a(read.o)
 .comment       0x0000000000000034       0x35 lib/orangescrt.a(write.o)
 .comment       0x0000000000000034       0x35 lib/orangescrt.a(close.o)
 .comment       0x0000000000000034       0x35 lib/orangescrt.a(getpid.o)
 .comment       0x0000000000000034       0x35 lib/orangescrt.a(stat.o)
 .comment       0x0000000000000034       0x35 lib/orangescrt.a(fork.o)
 .comment       0x0000000000000034       0x35 lib/orangescrt.a(wait.o)
 .comment       0x0000000000000034       0x35 lib/orangescrt.a(exec.o)

.debug
 *(.debug)

.line
 *(.line)

.debug_srcinfo
 *(.debug_srcinfo)

.debug_sfnames
 *(.debug_sfnames)

.debug_aranges
 *(.debug_aranges)

.debug_pubnames
 *(.debug_pubnames)

.debug_info
 *(.debug_info .gnu.linkonce.wi.*)

.debug_abbrev
 *(.debug_abbrev)

.debug_line
 *(.debug_line .debug_line.* .debug_line_end)

.debug_frame
 *(.debug_frame)

.debug_str
 *(.debug_str)

.debug_loc
 *(.debug_loc)

.debug_macinfo
 *(.debug_macinfo)

.debug_weaknames
 *(.debug_weaknames)

.debug_funcnames
 *(.debug_funcnames)

.debug_typenames
 *(.debug_typenames)

.debug_varnames
 *(.debug_varnames)

.debug_pubtypes
 *(.debug_pubtypes)

.debug_ranges
 *(.debug_ranges)

.debug_macro
 *(.debug_macro)

.gnu.attributes
 *(.gnu.attributes)

/DISCARD/
 *(.note.GNU-stack)
 *(.gnu_debuglink)
 *(.gnu.lto_*)
OUTPUT(kernel.bin elf32-i386)
